    #Not ( {
      ?_0
    #Equals
      1
    } )
  #And
    #Not ( {
      ?_0
    #Equals
      2
    } )
  #And
    <k>
      ?_0:Int ~> .
    </k>
#Or
    <k>
      one ~> .
    </k>
  #And
    {
      ?_0
    #Equals
      1
    }
#Or
    <k>
      two ~> .
    </k>
  #And
    {
      ?_0
    #Equals
      2
    }
