Definition
    { definitionAttributes = Attributes []
    , definitionModules =
        [ Module
            { moduleName = ModuleName "BUILTIN-attributes"
            , moduleSentences =
                [ MetaSentence (SentenceSortSentence SentenceSort
                    { sentenceSortName = (Id "#Attribute" AstLocationNone) :: Id Meta
                    , sentenceSortParameters = []
                    , sentenceSortAttributes = Attributes []
                    })
                , MetaSentence (SentenceSymbolSentence SentenceSymbol
                    { sentenceSymbolSymbol =
                        Symbol
                            { symbolConstructor = (Id "#keyVal" AstLocationNone) :: Id Meta
                            , symbolParams = []
                            }
                    , sentenceSymbolSorts =
                        [ SortActualSort SortActual
                            { sortActualName = (Id "#CharList" AstLocationNone) :: Id Meta
                            , sortActualSorts = []
                            }
                        , SortActualSort SortActual
                            { sortActualName = (Id "#CharList" AstLocationNone) :: Id Meta
                            , sortActualSorts = []
                            }
                        ]
                    , sentenceSymbolReturnSort =
                        SortActualSort SortActual
                            { sortActualName = (Id "#Attribute" AstLocationNone) :: Id Meta
                            , sortActualSorts = []
                            }
                    , sentenceSymbolAttributes = Attributes []
                    })
                , MetaSentence (SentenceSymbolSentence SentenceSymbol
                    { sentenceSymbolSymbol =
                        Symbol
                            { symbolConstructor = (Id "#key" AstLocationNone) :: Id Meta
                            , symbolParams = []
                            }
                    , sentenceSymbolSorts =
                        [ SortActualSort SortActual
                            { sortActualName = (Id "#CharList" AstLocationNone) :: Id Meta
                            , sortActualSorts = []
                            }
                        ]
                    , sentenceSymbolReturnSort =
                        SortActualSort SortActual
                            { sortActualName = (Id "#Attribute" AstLocationNone) :: Id Meta
                            , sortActualSorts = []
                            }
                    , sentenceSymbolAttributes = Attributes []
                    })
                ]
            , moduleAttributes = Attributes []
            }
        ]
    }