Lbl'-LT-'T'-GT-'{}(
    Lbl'-LT-'k'-GT-'{}(dotk{}()),
    Lbl'-LT-'state'-GT-'{}(
        Lbl'UndsUndsUnds'STATE-API'UndsUnds'Assignment'Unds'State{}(
            Lbl'UndsPipe'-'-GT-UndsUnds'STATE-API'UndsUnds'Id'Unds'Int{}(
                \dv{SortId{}}("i"),
                \dv{SortInt{}}("2")
            ),
            Lbl'UndsUndsUnds'STATE-API'UndsUnds'Assignment'Unds'State{}(
                Lbl'UndsPipe'-'-GT-UndsUnds'STATE-API'UndsUnds'Id'Unds'Int{}(
                    \dv{SortId{}}("m"),
                    \dv{SortInt{}}("10")
                ),
                Lbl'UndsUndsUnds'STATE-API'UndsUnds'Assignment'Unds'State{}(
                    Lbl'UndsPipe'-'-GT-UndsUnds'STATE-API'UndsUnds'Id'Unds'Int{}(
                        \dv{SortId{}}("n"),
                        \dv{SortInt{}}("11")
                    ),
                    Lbl'UndsUndsUnds'STATE-API'UndsUnds'Assignment'Unds'State{}(
                        Lbl'UndsPipe'-'-GT-UndsUnds'STATE-API'UndsUnds'Id'Unds'Int{}(
                            \dv{SortId{}}("q"),
                            \dv{SortInt{}}("0")
                        ),
                        Lbl'UndsUndsUnds'STATE-API'UndsUnds'Assignment'Unds'State{}(
                            Lbl'UndsPipe'-'-GT-UndsUnds'STATE-API'UndsUnds'Id'Unds'Int{}(
                                \dv{SortId{}}("r"),
                                \dv{SortInt{}}("1")
                            ),
                            Lbl'UndsUndsUnds'STATE-API'UndsUnds'Assignment'Unds'State{}(
                                Lbl'UndsPipe'-'-GT-UndsUnds'STATE-API'UndsUnds'Id'Unds'Int{}(
                                    \dv{SortId{}}("s"),
                                    \dv{SortInt{}}("4")
                                ),
                                Lbl'UndsUndsUnds'STATE-API'UndsUnds'Assignment'Unds'State{}(
                                    Lbl'UndsPipe'-'-GT-UndsUnds'STATE-API'UndsUnds'Id'Unds'Int{}(
                                        \dv{SortId{}}("t"),
                                        \dv{SortInt{}}("0")
                                    ),
                                    Lbl'UndsUndsUnds'STATE-API'UndsUnds'Assignment'Unds'State{}(
                                        Lbl'UndsPipe'-'-GT-UndsUnds'STATE-API'UndsUnds'Id'Unds'Int{}(
                                            \dv{SortId{}}("x"),
                                            \dv{SortInt{}}("0")
                                        ),
                                        Lbl'UndsUndsUnds'STATE-API'UndsUnds'Assignment'Unds'State{}(
                                            Lbl'UndsPipe'-'-GT-UndsUnds'STATE-API'UndsUnds'Id'Unds'Int{}(
                                                \dv{SortId{}}("y"),
                                                \dv{SortInt{}}("20")
                                            ),
                                            Lbl'UndsUndsUnds'STATE-API'UndsUnds'Assignment'Unds'State{}(
                                                Lbl'UndsPipe'-'-GT-UndsUnds'STATE-API'UndsUnds'Id'Unds'Int{}(
                                                    \dv{SortId{}}("z"),
                                                    \dv{SortInt{}}("10")
                                                ),
                                                Lbl'Stop'State'Unds'STATE-API'Unds'{}()
                                            )
                                        )
                                    )
                                )
                            )
                        )
                    )
                )
            )
        )
    )
)
