kore-exec:  Warning (DecidePredicateUnknown):
    Failed to decide predicate:
        /* Sfa */
        \not{_}(
            /* Spa */
            \equals{SortBool{}, _}(
                /* Fl Fn D Sfa */ VarB:SortBool{},
                /* Fl Fn D Sfa Cl */ \dv{SortBool{}}("true")
            )
        )
    with side condition:
        /* D Sfa */ \top{_}()
    SMT limit set at:
        0
Context:
    (DebugEvaluateCondition) while evaluating predicate
        (DebugAttemptEquation) while applying equation at
            (DecidePredicateUnknown) while applying equation defined at
                                     in Kore.Equation.Application
kore-exec:  Warning (DecidePredicateUnknown):
    Failed to decide predicate:
        /* Sfa */
        \not{_}(
            /* Spa */
            \equals{SortBool{}, _}(
                /* Fl Fn D Sfa */ VarB:SortBool{},
                /* Fl Fn D Sfa Cl */ \dv{SortBool{}}("true")
            )
        )
    with side condition:
        /* Spa */
        \equals{SortGeneratedCounterCell{}, _}(
            /* Fl Fn D Sfa */ Var'Unds'DotVar0:SortGeneratedCounterCell{},
            /* Fl Fn D Sfa */
            Lbl'-LT-'generatedCounter'-GT-'{}(
                /* Created: Kore.Rewrite.Rule.Expand.maybeNewVariable */
                /* Fl Fn D Sfa */
                Var'Unds'DotVar2:SortInt{}
            )
        )
    SMT limit set at:
        0
Context:
    (DebugEvaluateCondition) while evaluating predicate
        (DebugAttemptEquation) while applying equation at
            (DecidePredicateUnknown) while applying equation defined at
                                     in Kore.Equation.Application
kore-exec:  Warning (DecidePredicateUnknown):
    Failed to decide predicate:
        /* Sfa */
        \not{_}(
            /* Spa */
            \equals{SortBool{}, _}(
                /* Fl Fn D Sfa */ VarB:SortBool{},
                /* Fl Fn D Sfa Cl */ \dv{SortBool{}}("true")
            )
        )
    with side condition:
        /* D Sfa */ \top{_}()
    SMT limit set at:
        0
Context:
    (DebugEvaluateCondition) while evaluating predicate
        (DebugAttemptEquation) while applying equation at
            (InfoReachability) while simplifying the claim
                (DecidePredicateUnknown) while applying equation defined at
                                         in Kore.Equation.Application
kore-exec:  Warning (DecidePredicateUnknown):
    Failed to decide predicate:
        /* Sfa */
        \not{_}(
            /* Spa */
            \equals{SortBool{}, _}(
                /* Fl Fn D Sfa */ VarB:SortBool{},
                /* Fl Fn D Sfa Cl */ \dv{SortBool{}}("true")
            )
        )
    with side condition:
        /* Sfc */
        \not{_}(
            /* Sfc */
            \equals{SortBool{}, _}(
                /* Fl Fn D Sfa */
                Lbl'UndsEqlsEqls'Bool'Unds'{}(
                    /* Fl Fn D Sfa */ VarB:SortBool{},
                    /* Fl Fn D Sfa Cl */ \dv{SortBool{}}("true")
                ),
                /* Fl Fn D Sfc */
                Lbl'UndsEqlsEqls'Int'Unds'{}(
                    /* Fl Fn D Sfc */
                    Lblbool2Word'LParUndsRParUnds'LEMMAS'Unds'Int'Unds'Bool{}(
                        /* Fl Fn D Sfa */ VarB:SortBool{}
                    ),
                    /* Fl Fn D Sfa Cl */ \dv{SortInt{}}("1")
                )
            )
        )
    SMT limit set at:
        0
Context:
    (DebugEvaluateCondition) while evaluating predicate
        (DebugAttemptEquation) while applying equation at
            (InfoReachability) while checking the implication
                (DecidePredicateUnknown) while applying equation defined at
                                         in Kore.Equation.Application
kore-exec:  Error (DecidePredicateUnknown):
    Failed to decide predicate:
        /* Sfc */
        \not{_}(
            /* Sfc */
            \equals{SortBool{}, _}(
                /* Fl Fn D Sfa */
                Lbl'UndsEqlsEqls'Bool'Unds'{}(
                    /* Fl Fn D Sfa */ VarB:SortBool{},
                    /* Fl Fn D Sfa Cl */ \dv{SortBool{}}("true")
                ),
                /* Fl Fn D Sfc */
                Lbl'UndsEqlsEqls'Int'Unds'{}(
                    /* Fl Fn D Sfc */
                    Lblbool2Word'LParUndsRParUnds'LEMMAS'Unds'Int'Unds'Bool{}(
                        /* Fl Fn D Sfa */ VarB:SortBool{}
                    ),
                    /* Fl Fn D Sfa Cl */ \dv{SortInt{}}("1")
                )
            )
        )
    SMT limit set at:
        0
Context:
    (DebugEvaluateCondition) while evaluating predicate
        (DecidePredicateUnknown) while applying equation
                                 in Kore.Reachability.Claim
