[]
module haskell-backend-saved-claims-43943e50-f723-47cd-99fd-07104d664c6d
    import VERIFICATION []
    import kore []
    claim {} /* Spa */
    \implies{SortGeneratedTopCell{}}(
        /* Spa */
        \and{SortGeneratedTopCell{}}(
            /* Spa */
            \equals{SortGeneratedCounterCell{}, SortGeneratedTopCell{}}(
                /* Fl Fn D Sfa */ Var'Unds'DotVar0:SortGeneratedCounterCell{},
                /* Fl Fn D Sfa */
                Lbl'-LT-'generatedCounter'-GT-'{}(
                    /* Created: Kore.Step.Rule.Expand.maybeNewVariable */
                    /* Fl Fn D Sfa */
                    Var'Unds'DotVar2:SortInt{}
                )
            ),
            /* Fl Fn D Sfa */
            Lbl'-LT-'generatedTop'-GT-'{}(
                /* Fl Fn D Sfa */
                Lbl'-LT-'k'-GT-'{}(
                    /* Fl Fn D Sfa */
                    kseq{}(
                        /* Fl Fn D Sfa */
                        LblBB'LParUndsRParUnds'SAVE-PROOFS'Unds'KItem'Unds'Int{}(
                            /* Fl Fn D Sfa */ VarX:SortInt{}
                        ),
                        /* Fl Fn D Sfa */ Var'Unds'DotVar1:SortK{}
                    )
                ),
                /* Fl Fn D Sfa */
                Lbl'-LT-'generatedCounter'-GT-'{}(
                    /* Created: Kore.Step.Rule.Expand.maybeNewVariable */
                    /* Fl Fn D Sfa */
                    Var'Unds'DotVar2:SortInt{}
                )
            )
        ),
        /* Spa */
        weakAlwaysFinally{SortGeneratedTopCell{}}(
            /* Fl Fn D Sfa */
            Lbl'-LT-'generatedTop'-GT-'{}(
                /* Fl Fn D Sfa */
                Lbl'-LT-'k'-GT-'{}(
                    /* Fl Fn D Sfa */
                    kseq{}(
                        /* Fl Fn D Sfa */
                        LblCC'LParUndsRParUnds'SAVE-PROOFS'Unds'KItem'Unds'Int{}(
                            /* Fl Fn D Sfa */ VarX:SortInt{}
                        ),
                        /* Fl Fn D Sfa */ Var'Unds'DotVar1:SortK{}
                    )
                ),
                /* Fl Fn D Sfa */
                Lbl'-LT-'generatedCounter'-GT-'{}(
                    /* Created: Kore.Step.Rule.Expand.maybeNewVariable */
                    /* Fl Fn D Sfa */
                    Var'Unds'DotVar2:SortInt{}
                )
            )
        )
    ) []
endmodule
[]