/* Spa */
\rewrites{SortGeneratedTopCell{}}(
    /* Spa */
    \and{SortGeneratedTopCell{}}(
        /* D Sfa */ \top{SortGeneratedTopCell{}}(),
        /* Fn Sfa */
        Lbl'-LT-'generatedTop'-GT-'{}(
            /* Fn Sfa */
            Lbl'-LT-'T'-GT-'{}(
                /* Fl Fn D Sfa */
                Lbl'-LT-'k'-GT-'{}(
                    /* Fl Fn D Sfa */
                    kseq{}(
                        /* Fl Fn D Sfa */
                        /* Inj: */ inj{SortId{}, SortKItem{}}(
                            /* Fl Fn D Sfa */ VarX:SortId{}
                        ),
                        /* Fl Fn D Sfa */ Var'Unds'DotVar2:SortK{}
                    )
                ),
                /* Fn Sfa */
                Lbl'-LT-'state'-GT-'{}(
                    /* Fn Sfa */
                    /* InternalMap: */ Lbl'Unds'Map'Unds'{}(
                        /* element: */ Lbl'UndsPipe'-'-GT-Unds'{}(
                            /* Fl Fn D Sfa */
                            /* Inj: */ inj{SortId{}, SortKItem{}}(
                                /* Fl Fn D Sfa */ VarX:SortId{}
                            ),
                            /* Fl Fn D Sfa */ VarI:SortKItem{}
                        ),
                        /* opaque child: */ /* Fl Fn D Sfa */
                        Var'Unds'DotVar3:SortMap{}
                    )
                )
            ),
            /* Fl Fn D Sfa */ Var'Unds'DotVar0:SortGeneratedCounterCell{}
        )
    ),
    /* Fn Spa */
    Lbl'-LT-'generatedTop'-GT-'{}(
        /* Fn Spa */
        Lbl'-LT-'T'-GT-'{}(
            /* Fl Fn D Spa */
            Lbl'-LT-'k'-GT-'{}(
                /* Fl Fn D Spa */
                kseq{}(
                    /* Fl Fn D Sfa */ VarI:SortKItem{},
                    /* Fl Fn D Sfa */ Var'Unds'DotVar2:SortK{}
                )
            ),
            /* Fn Sfa */
            Lbl'-LT-'state'-GT-'{}(
                /* Fn Sfa */
                /* InternalMap: */ Lbl'Unds'Map'Unds'{}(
                    /* element: */ Lbl'UndsPipe'-'-GT-Unds'{}(
                        /* Fl Fn D Sfa */
                        /* Inj: */ inj{SortId{}, SortKItem{}}(
                            /* Fl Fn D Sfa */ VarX:SortId{}
                        ),
                        /* Fl Fn D Sfa */ VarI:SortKItem{}
                    ),
                    /* opaque child: */ /* Fl Fn D Sfa */
                    Var'Unds'DotVar3:SortMap{}
                )
            )
        ),
        /* Fl Fn D Sfa */ Var'Unds'DotVar0:SortGeneratedCounterCell{}
    )
)