/* Spc */
\rewrites{SortGeneratedTopCell{}}(
    /* Spc */
    \and{SortGeneratedTopCell{}}(
        /* D Sfa */ \top{SortGeneratedTopCell{}}(),
        /* Fn Sfc */
        Lbl'-LT-'generatedTop'-GT-'{}(
            /* Fn Sfc */
            Lbl'-LT-'T'-GT-'{}(
                /* Fl Fn D Sfc */
                Lbl'-LT-'k'-GT-'{}(
                    /* Fl Fn D Sfc */
                    kseq{}(
                        /* Fl Fn D Sfc */
                        /* Inj: */ inj{SortId{}, SortKItem{}}(
                            /* Fl Fn D Sfa */ RuleVarX:SortId{}
                        ),
                        /* Fl Fn D Sfa */ RuleVar'Unds'DotVar2:SortK{}
                    )
                ),
                /* Fn Sfc */
                Lbl'-LT-'state'-GT-'{}(
                    /* Fn Sfc */
                    /* InternalMap: */ Lbl'Unds'Map'Unds'{}(
                        /* element: */ Lbl'UndsPipe'-'-GT-Unds'{}(
                            /* Fl Fn D Sfc */
                            /* Inj: */ inj{SortId{}, SortKItem{}}(
                                /* Fl Fn D Sfa */ RuleVarX:SortId{}
                            ),
                            /* Fl Fn D Sfa */ RuleVarI:SortKItem{}
                        ),
                        /* opaque child: */ /* Fl Fn D Sfa */
                        RuleVar'Unds'DotVar3:SortMap{}
                    )
                )
            ),
            /* Fl Fn D Sfa */ RuleVar'Unds'DotVar0:SortGeneratedCounterCell{}
        )
    ),
    /* Fn Spc */
    Lbl'-LT-'generatedTop'-GT-'{}(
        /* Fn Spc */
        Lbl'-LT-'T'-GT-'{}(
            /* Fl Fn D Spa */
            Lbl'-LT-'k'-GT-'{}(
                /* Fl Fn D Spa */
                kseq{}(
                    /* Fl Fn D Sfa */ RuleVarI:SortKItem{},
                    /* Fl Fn D Sfa */ RuleVar'Unds'DotVar2:SortK{}
                )
            ),
            /* Fn Sfc */
            Lbl'-LT-'state'-GT-'{}(
                /* Fn Sfc */
                /* InternalMap: */ Lbl'Unds'Map'Unds'{}(
                    /* element: */ Lbl'UndsPipe'-'-GT-Unds'{}(
                        /* Fl Fn D Sfc */
                        /* Inj: */ inj{SortId{}, SortKItem{}}(
                            /* Fl Fn D Sfa */ RuleVarX:SortId{}
                        ),
                        /* Fl Fn D Sfa */ RuleVarI:SortKItem{}
                    ),
                    /* opaque child: */ /* Fl Fn D Sfa */
                    RuleVar'Unds'DotVar3:SortMap{}
                )
            )
        ),
        /* Fl Fn D Sfa */ RuleVar'Unds'DotVar0:SortGeneratedCounterCell{}
    )
)