/* Spc */
\rewrites{SortGeneratedTopCell{}}(
    /* Spc */
    \and{SortGeneratedTopCell{}}(
        /* Created: Kore.Internal.Predicate.makeAndPredicate */
        /* Sfc */
        \and{SortGeneratedTopCell{}}(
            /* Sfc */
            \equals{SortMap{}, SortGeneratedTopCell{}}(
                /* Fn Sfc */
                /* builtin: */
                Lbl'Unds'Map'Unds'{}(
                    /* element: */ Lbl'UndsPipe'-'-GT-Unds'{}(
                        /* Fl Fn D Sfc */
                        /* Inj: */ inj{SortId{}, SortKItem{}}(
                            /* Fl Fn D Sfa */ VarX:SortId{}
                        ),
                        /* Fl Fn D Sfc */
                        /* Inj: */ inj{SortInt{}, SortKItem{}}(
                            /* Fl Fn D Sfa */ VarI:SortInt{}
                        )
                    ),
                    /* opaque child: */ /* Fl Fn D Sfa */ VarDotVar3:SortMap{}
                ),
                /* Fn Sfc */
                /* builtin: */
                Lbl'Unds'Map'Unds'{}(
                    /* element: */ Lbl'UndsPipe'-'-GT-Unds'{}(
                        /* Fl Fn D Sfc */
                        /* Inj: */ inj{SortId{}, SortKItem{}}(
                            /* Fl Fn D Sfa */ VarX0:SortId{}
                        ),
                        /* Fl Fn D Sfa */ VarI0:SortKItem{}
                    ),
                    /* opaque child: */ /* Fl Fn D Sfa */ VarDotVar30:SortMap{}
                )
            ),
            /* Sfc */
            \forall{SortGeneratedTopCell{}}(
                x:SortKItem{},
                /* Spc */
                \ceil{SortMap{}, SortGeneratedTopCell{}}(
                    /* Fn Spc */
                    /* builtin: */
                    Lbl'Unds'Map'Unds'{}(
                        /* element: */ Lbl'UndsPipe'-'-GT-Unds'{}(
                            /* Fl Fn D Sfc */
                            /* Inj: */ inj{SortId{}, SortKItem{}}(
                                /* Fl Fn D Sfa */ VarX:SortId{}
                            ),
                            /* Fl Fn D Sfa */ x:SortKItem{}
                        ),
                        /* opaque child: */ /* Fl Fn D Sfa */
                        VarDotVar3:SortMap{}
                    )
                )
            )
        ),
        /* Fn Spc */
        Lbl'-LT-'generatedTop'-GT-'{}(
            /* Fn Spc */
            Lbl'-LT-'T'-GT-'{}(
                /* Fl Fn D Spc */
                Lbl'-LT-'k'-GT-'{}(
                    /* Fl Fn D Spc */
                    kseq{}(
                        /* Fl Fn D Sfc */
                        /* Inj: */ inj{SortStmt{}, SortKItem{}}(
                            /* Fl Fn D Sfc */
                            Lbl'UndsEqlsUndsSClnUnds'IMP-SYNTAX'Unds'Stmt'Unds'Id'Unds'AExp{}(
                                /* Fl Fn D Sfa */ VarX:SortId{},
                                /* Fl Fn D Sfc */
                                /* Inj: */ inj{SortInt{}, SortAExp{}}(
                                    /* Fl Fn D Sfa */ VarI:SortInt{}
                                )
                            )
                        ),
                        /* Fl Fn D Sfc */
                        kseq{}(
                            /* Fl Fn D Sfc */
                            /* Inj: */ inj{SortId{}, SortKItem{}}(
                                /* Fl Fn D Sfa */ VarX0:SortId{}
                            ),
                            /* Fl Fn D Sfa */ VarDotVar20:SortK{}
                        )
                    )
                ),
                /* Fn Sfc */
                Lbl'-LT-'state'-GT-'{}(
                    /* Fn Sfc */
                    /* builtin: */
                    Lbl'Unds'Map'Unds'{}(
                        /* element: */ Lbl'UndsPipe'-'-GT-Unds'{}(
                            /* Fl Fn D Sfc */
                            /* Inj: */ inj{SortId{}, SortKItem{}}(
                                /* Fl Fn D Sfa */ VarX:SortId{}
                            ),
                            /* Fl Fn D Sfa */ Var'Unds'0:SortKItem{}
                        ),
                        /* opaque child: */ /* Fl Fn D Sfa */
                        VarDotVar3:SortMap{}
                    )
                )
            ),
            /* Fl Fn D Sfa */ VarDotVar00:SortGeneratedCounterCell{}
        )
    ),
    /* Fn Spa */
    Lbl'-LT-'generatedTop'-GT-'{}(
        /* Fn Spa */
        Lbl'-LT-'T'-GT-'{}(
            /* Fl Fn D Spa */
            Lbl'-LT-'k'-GT-'{}(
                /* Fl Fn D Spa */
                kseq{}(
                    /* Fl Fn D Sfa */ VarI0:SortKItem{},
                    /* Fl Fn D Sfa */ VarDotVar20:SortK{}
                )
            ),
            /* Fn Spa */
            Lbl'-LT-'state'-GT-'{}(
                /* Fn Spa */
                /* builtin: */
                Lbl'Unds'Map'Unds'{}(
                    /* element: */ Lbl'UndsPipe'-'-GT-Unds'{}(
                        /* Fl Fn D Spa */
                        /* Inj: */ inj{SortId{}, SortKItem{}}(
                            /* Fl Fn D Sfa */ VarX0:SortId{}
                        ),
                        /* Fl Fn D Sfa */ VarI0:SortKItem{}
                    ),
                    /* opaque child: */ /* Fl Fn D Sfa */ VarDotVar30:SortMap{}
                )
            )
        ),
        /* Fl Fn D Sfa */ VarDotVar00:SortGeneratedCounterCell{}
    )
)