    <T>
      <k>
        .
      </k>
      <state>
        r |-> 0
        x |-> ?I:Int
        y |-> ?I0:Int
      </state>
    </T>
  #And
    {
      false
    #Equals
      ?I:Int <=Int ?I0:Int
    }
#Or
    <T>
      <k>
        .
      </k>
      <state>
        r |-> 0
        x |-> ?I:Int
        y |-> ?I0:Int
      </state>
    </T>
  #And
    {
      true
    #Equals
      ?I:Int <=Int ?I0:Int
    }
