    <T>
      <k>
        {
          max = a;
        } ~> .
      </k>
      <state>
        a |-> A:Int
        b |-> B:Int
        max |-> _Gen0
      </state>
    </T>
  #And
    {
      false
    #Equals
      A <=Int B
    }
#Or
    <T>
      <k>
        {
          max = b;
        } ~> .
      </k>
      <state>
        a |-> A:Int
        b |-> B:Int
        max |-> _Gen0
      </state>
    </T>
  #And
    {
      true
    #Equals
      A <=Int B
    }
