kore-exec: [233424] Error (ErrorException):
    The definitions sent to the solver are inconsistent.
    CallStack (from HasCallStack):
      error, called at src/Kore/Step/SMT/Lemma.hs:104:9 in kore-0.40.0.0-CzNxqIvwhPqHJvDm7pwDgz:Kore.Step.SMT.Lemma
[Error] Critical: Haskell Backend execution failed with code 1 and produced no
output.
