{"context":["proxy"],"message":"Loading definition from resources/log-simplify-json.kore, main module \"IMP-VERIFICATION\""}
{"context":["proxy"],"message":"Starting RPC server"}
{"context":["proxy"],"message":"Processing request 4"}
{"context":["booster","execute",{"term":"4b03f8b"},{"rewrite":"2821768ca76231d9d23da884f160f8a8a67b03f3575f41bd4fc76649c39a94fb"},"constraint",{"term":"a2a070a"},{"function":"f4c2469bcff9527515b6d36f16040307917bda61067d10b85fb531e142483bee"},"detail"],"message":"UNKNOWN"}
{"context":["booster","execute",{"term":"4b03f8b"},{"rewrite":"2821768ca76231d9d23da884f160f8a8a67b03f3575f41bd4fc76649c39a94fb"},"constraint",{"term":"a2a070a"},{"function":"f4c2469bcff9527515b6d36f16040307917bda61067d10b85fb531e142483bee"},"match","failure","continue"],"message":"Sorts differ: Eq#VarKResult:SortKResult{} !__EXPRESSIONS-SYNTAX_Expr_Expr(_<=__EXPRESSIONS-SYNTAX_Expr_Expr_Expr(\"$n\", \"0\"))"}
{"context":["booster","execute",{"term":"4b03f8b"},{"rewrite":"2821768ca76231d9d23da884f160f8a8a67b03f3575f41bd4fc76649c39a94fb"},"constraint",{"term":"a2a070a"},{"function":"afefecb36598372bc1ba6e5d0b24a00b91796244dc3bd7435e40ca6e9ab33d4b"},"detail"],"message":"UNKNOWN"}
{"context":["booster","execute",{"term":"4b03f8b"},{"rewrite":"2821768ca76231d9d23da884f160f8a8a67b03f3575f41bd4fc76649c39a94fb"},"constraint",{"term":"a2a070a"},{"function":"afefecb36598372bc1ba6e5d0b24a00b91796244dc3bd7435e40ca6e9ab33d4b"},"success",{"term":"9eb81e8"},"kore-term"],"message":{"format":"KORE","version":1,"term":{"tag":"DV","sort":{"tag":"SortApp","name":"SortBool","args":[]},"value":"false"}}}
{"context":["booster","execute",{"term":"2fbed22"},{"rewrite":"95ae0624ed05bd9fda100afe3522e14997852a9753240caa90be72f16a32414f"},"constraint",{"term":"f67b89d"},{"function":"f4c2469bcff9527515b6d36f16040307917bda61067d10b85fb531e142483bee"},"detail"],"message":"UNKNOWN"}
{"context":["booster","execute",{"term":"2fbed22"},{"rewrite":"95ae0624ed05bd9fda100afe3522e14997852a9753240caa90be72f16a32414f"},"constraint",{"term":"f67b89d"},{"function":"f4c2469bcff9527515b6d36f16040307917bda61067d10b85fb531e142483bee"},"match","failure","continue"],"message":"Sorts differ: Eq#VarKResult:SortKResult{} _<=__EXPRESSIONS-SYNTAX_Expr_Expr_Expr(\"$n\", \"0\")"}
{"context":["booster","execute",{"term":"2fbed22"},{"rewrite":"95ae0624ed05bd9fda100afe3522e14997852a9753240caa90be72f16a32414f"},"constraint",{"term":"f67b89d"},{"function":"afefecb36598372bc1ba6e5d0b24a00b91796244dc3bd7435e40ca6e9ab33d4b"},"detail"],"message":"UNKNOWN"}
{"context":["booster","execute",{"term":"2fbed22"},{"rewrite":"95ae0624ed05bd9fda100afe3522e14997852a9753240caa90be72f16a32414f"},"constraint",{"term":"f67b89d"},{"function":"afefecb36598372bc1ba6e5d0b24a00b91796244dc3bd7435e40ca6e9ab33d4b"},"success",{"term":"9eb81e8"},"kore-term"],"message":{"format":"KORE","version":1,"term":{"tag":"DV","sort":{"tag":"SortApp","name":"SortBool","args":[]},"value":"false"}}}
{"context":["booster","execute",{"term":"d9cfe5a"},{"rewrite":"6b84f401532c1b66bd9dab31a7b06181c1b2a4cee891e9c3936f39ecea75c8fc"},"constraint",{"term":"bd6d88b"},{"function":"f4c2469bcff9527515b6d36f16040307917bda61067d10b85fb531e142483bee"},"detail"],"message":"UNKNOWN"}
{"context":["booster","execute",{"term":"d9cfe5a"},{"rewrite":"6b84f401532c1b66bd9dab31a7b06181c1b2a4cee891e9c3936f39ecea75c8fc"},"constraint",{"term":"bd6d88b"},{"function":"f4c2469bcff9527515b6d36f16040307917bda61067d10b85fb531e142483bee"},"match","failure","continue"],"message":"Sorts differ: Eq#VarKResult:SortKResult{} \"$n\""}
{"context":["booster","execute",{"term":"d9cfe5a"},{"rewrite":"6b84f401532c1b66bd9dab31a7b06181c1b2a4cee891e9c3936f39ecea75c8fc"},"constraint",{"term":"bd6d88b"},{"function":"afefecb36598372bc1ba6e5d0b24a00b91796244dc3bd7435e40ca6e9ab33d4b"},"detail"],"message":"UNKNOWN"}
{"context":["booster","execute",{"term":"d9cfe5a"},{"rewrite":"6b84f401532c1b66bd9dab31a7b06181c1b2a4cee891e9c3936f39ecea75c8fc"},"constraint",{"term":"bd6d88b"},{"function":"afefecb36598372bc1ba6e5d0b24a00b91796244dc3bd7435e40ca6e9ab33d4b"},"success",{"term":"9eb81e8"},"kore-term"],"message":{"format":"KORE","version":1,"term":{"tag":"DV","sort":{"tag":"SortApp","name":"SortBool","args":[]},"value":"false"}}}
{"context":["booster","execute",{"term":"d9cfe5a"},{"rewrite":"b3a22c24b0d945e521d86b44dadfa10beda45b356f9941753e93183cabef0351"},"constraint",{"term":"dbbbb63"},{"function":"f4c2469bcff9527515b6d36f16040307917bda61067d10b85fb531e142483bee"},"detail"],"message":"UNKNOWN"}
{"context":["booster","execute",{"term":"d9cfe5a"},{"rewrite":"b3a22c24b0d945e521d86b44dadfa10beda45b356f9941753e93183cabef0351"},"constraint",{"term":"dbbbb63"},{"function":"f4c2469bcff9527515b6d36f16040307917bda61067d10b85fb531e142483bee"},"success",{"term":"98b0892"},"kore-term"],"message":{"format":"KORE","version":1,"term":{"tag":"DV","sort":{"tag":"SortApp","name":"SortBool","args":[]},"value":"true"}}}
{"context":["booster","execute",{"term":"5a046bd"},{"rewrite":"45286489d58bcd9b23df3023d9efddcdde80fdfe2603d7a5b07669acd2a1d540"},"constraint",{"term":"f464178"},{"function":"f4c2469bcff9527515b6d36f16040307917bda61067d10b85fb531e142483bee"},"detail"],"message":"UNKNOWN"}
{"context":["booster","execute",{"term":"5a046bd"},{"rewrite":"45286489d58bcd9b23df3023d9efddcdde80fdfe2603d7a5b07669acd2a1d540"},"constraint",{"term":"f464178"},{"function":"f4c2469bcff9527515b6d36f16040307917bda61067d10b85fb531e142483bee"},"success",{"term":"98b0892"},"kore-term"],"message":{"format":"KORE","version":1,"term":{"tag":"DV","sort":{"tag":"SortApp","name":"SortBool","args":[]},"value":"true"}}}
{"context":["booster","execute",{"term":"9893c04"},{"rewrite":"28f395c2f029144cab225e78d4bc6d7d6c54b12b2b14d0f806934911bc8ed0d1"},"constraint",{"term":"2cedcc8"},{"function":"f4c2469bcff9527515b6d36f16040307917bda61067d10b85fb531e142483bee"},"detail"],"message":"UNKNOWN"}
{"context":["booster","execute",{"term":"9893c04"},{"rewrite":"28f395c2f029144cab225e78d4bc6d7d6c54b12b2b14d0f806934911bc8ed0d1"},"constraint",{"term":"2cedcc8"},{"function":"f4c2469bcff9527515b6d36f16040307917bda61067d10b85fb531e142483bee"},"match","failure","continue"],"message":"Sorts differ: Eq#VarKResult:SortKResult{} _<=__EXPRESSIONS-SYNTAX_Expr_Expr_Expr(VarN:SortInt{}, \"0\")"}
{"context":["booster","execute",{"term":"9893c04"},{"rewrite":"28f395c2f029144cab225e78d4bc6d7d6c54b12b2b14d0f806934911bc8ed0d1"},"constraint",{"term":"2cedcc8"},{"function":"afefecb36598372bc1ba6e5d0b24a00b91796244dc3bd7435e40ca6e9ab33d4b"},"detail"],"message":"UNKNOWN"}
{"context":["booster","execute",{"term":"9893c04"},{"rewrite":"28f395c2f029144cab225e78d4bc6d7d6c54b12b2b14d0f806934911bc8ed0d1"},"constraint",{"term":"2cedcc8"},{"function":"afefecb36598372bc1ba6e5d0b24a00b91796244dc3bd7435e40ca6e9ab33d4b"},"success",{"term":"9eb81e8"},"kore-term"],"message":{"format":"KORE","version":1,"term":{"tag":"DV","sort":{"tag":"SortApp","name":"SortBool","args":[]},"value":"false"}}}
{"context":["booster","execute",{"term":"db347c0"},{"rewrite":"28f395c2f029144cab225e78d4bc6d7d6c54b12b2b14d0f806934911bc8ed0d1"},"constraint",{"term":"d1b77ee"},{"function":"f4c2469bcff9527515b6d36f16040307917bda61067d10b85fb531e142483bee"},"detail"],"message":"UNKNOWN"}
{"context":["booster","execute",{"term":"db347c0"},{"rewrite":"28f395c2f029144cab225e78d4bc6d7d6c54b12b2b14d0f806934911bc8ed0d1"},"constraint",{"term":"d1b77ee"},{"function":"f4c2469bcff9527515b6d36f16040307917bda61067d10b85fb531e142483bee"},"success",{"term":"98b0892"},"kore-term"],"message":{"format":"KORE","version":1,"term":{"tag":"DV","sort":{"tag":"SortApp","name":"SortBool","args":[]},"value":"true"}}}
{"context":["booster","execute",{"term":"3a244e5"},{"rewrite":"029649977a189d0740b894b184f10ed8b77b043ff935d356dca9fa87ffbffc58"},"constraint",{"term":"e702940"},{"function":"f4c2469bcff9527515b6d36f16040307917bda61067d10b85fb531e142483bee"},"detail"],"message":"UNKNOWN"}
{"context":["booster","execute",{"term":"3a244e5"},{"rewrite":"029649977a189d0740b894b184f10ed8b77b043ff935d356dca9fa87ffbffc58"},"constraint",{"term":"e702940"},{"function":"f4c2469bcff9527515b6d36f16040307917bda61067d10b85fb531e142483bee"},"match","failure","continue"],"message":"Sorts differ: Eq#VarKResult:SortKResult{} !__EXPRESSIONS-SYNTAX_Expr_Expr(_<=Int_(VarN:SortInt{}, \"0\"))"}
{"context":["booster","execute",{"term":"3a244e5"},{"rewrite":"029649977a189d0740b894b184f10ed8b77b043ff935d356dca9fa87ffbffc58"},"constraint",{"term":"e702940"},{"function":"afefecb36598372bc1ba6e5d0b24a00b91796244dc3bd7435e40ca6e9ab33d4b"},"detail"],"message":"UNKNOWN"}
{"context":["booster","execute",{"term":"3a244e5"},{"rewrite":"029649977a189d0740b894b184f10ed8b77b043ff935d356dca9fa87ffbffc58"},"constraint",{"term":"e702940"},{"function":"afefecb36598372bc1ba6e5d0b24a00b91796244dc3bd7435e40ca6e9ab33d4b"},"success",{"term":"9eb81e8"},"kore-term"],"message":{"format":"KORE","version":1,"term":{"tag":"DV","sort":{"tag":"SortApp","name":"SortBool","args":[]},"value":"false"}}}
{"context":["booster","execute",{"term":"473c428"},{"rewrite":"029649977a189d0740b894b184f10ed8b77b043ff935d356dca9fa87ffbffc58"},"constraint",{"term":"fbb3d17"},{"function":"17ebc68421572b8ebe609c068fb49cbb6cbbe3246e2142257ad8befdda38f415"},"detail"],"message":"...kframework/builtin/domains.md :  (1119, 8)"}
{"context":["booster","execute",{"term":"473c428"},{"rewrite":"029649977a189d0740b894b184f10ed8b77b043ff935d356dca9fa87ffbffc58"},"constraint",{"term":"fbb3d17"},{"function":"17ebc68421572b8ebe609c068fb49cbb6cbbe3246e2142257ad8befdda38f415"},"match","failure","break"],"message":{"remainder":[[{"tag":"DV","sort":{"tag":"SortApp","name":"SortBool","args":[]},"value":"false"},{"tag":"App","name":"Lbl'Unds-LT-Eqls'Int'Unds'","sorts":[],"args":[{"tag":"EVar","name":"VarN","sort":{"tag":"SortApp","name":"SortInt","args":[]}},{"tag":"DV","sort":{"tag":"SortApp","name":"SortInt","args":[]},"value":"0"}]}]]}}
{"context":["booster","execute",{"term":"473c428"},{"rewrite":"029649977a189d0740b894b184f10ed8b77b043ff935d356dca9fa87ffbffc58"},"constraint",{"term":"fbb3d17"},{"simplification":"2499eab08be5a893dde1183881ad2aee18a0aab6fc53deb2c78f94c6466e3e15"},"detail"],"message":"...include/imp-semantics/imp-verification.k :  (24, 10)"}
{"context":["booster","execute",{"term":"473c428"},{"rewrite":"029649977a189d0740b894b184f10ed8b77b043ff935d356dca9fa87ffbffc58"},"constraint",{"term":"fbb3d17"},{"simplification":"2499eab08be5a893dde1183881ad2aee18a0aab6fc53deb2c78f94c6466e3e15"},"success",{"term":"8f1e2b8"},"kore-term"],"message":{"format":"KORE","version":1,"term":{"tag":"App","name":"Lbl'Unds-LT-'Int'Unds'","sorts":[],"args":[{"tag":"DV","sort":{"tag":"SortApp","name":"SortInt","args":[]},"value":"0"},{"tag":"EVar","name":"VarN","sort":{"tag":"SortApp","name":"SortInt","args":[]}}]}}}
{"context":["booster","execute",{"term":"473c428"},{"rewrite":"029649977a189d0740b894b184f10ed8b77b043ff935d356dca9fa87ffbffc58"},"constraint",{"term":"fbb3d17"},{"function":"f4c2469bcff9527515b6d36f16040307917bda61067d10b85fb531e142483bee"},"detail"],"message":"UNKNOWN"}
{"context":["booster","execute",{"term":"473c428"},{"rewrite":"029649977a189d0740b894b184f10ed8b77b043ff935d356dca9fa87ffbffc58"},"constraint",{"term":"fbb3d17"},{"function":"f4c2469bcff9527515b6d36f16040307917bda61067d10b85fb531e142483bee"},"success",{"term":"98b0892"},"kore-term"],"message":{"format":"KORE","version":1,"term":{"tag":"DV","sort":{"tag":"SortApp","name":"SortBool","args":[]},"value":"true"}}}
{"context":["booster","execute",{"term":"ee3511f"},{"rewrite":"2821768ca76231d9d23da884f160f8a8a67b03f3575f41bd4fc76649c39a94fb"},"constraint",{"term":"d2e9706"},{"function":"f4c2469bcff9527515b6d36f16040307917bda61067d10b85fb531e142483bee"},"detail"],"message":"UNKNOWN"}
{"context":["booster","execute",{"term":"ee3511f"},{"rewrite":"2821768ca76231d9d23da884f160f8a8a67b03f3575f41bd4fc76649c39a94fb"},"constraint",{"term":"d2e9706"},{"function":"f4c2469bcff9527515b6d36f16040307917bda61067d10b85fb531e142483bee"},"success",{"term":"98b0892"},"kore-term"],"message":{"format":"KORE","version":1,"term":{"tag":"DV","sort":{"tag":"SortApp","name":"SortBool","args":[]},"value":"true"}}}
{"context":["kore","execute",{"term":"8aaaa91"},{"rewrite":"2821768c"},"constraint",{"term":"c107051"},{"function":"f4c2469bcff9527515b6d36f16040307917bda61067d10b85fb531e142483bee"},"detail"],"message":"...resources/log-simplify-json.kore:3913:7"}
{"context":["kore","execute",{"term":"8aaaa91"},{"rewrite":"2821768c"},"constraint",{"term":"c107051"},{"function":"f4c2469bcff9527515b6d36f16040307917bda61067d10b85fb531e142483bee"},"success",{"term":"b378f16"},"kore-term"],"message":{"format":"KORE","version":1,"term":{"tag":"DV","sort":{"tag":"SortApp","name":"SortBool","args":[]},"value":"true"}}}
{"context":["booster","simplify",{"term":"931632b"},{"term":"be686bf"},{"function":"17ebc68421572b8ebe609c068fb49cbb6cbbe3246e2142257ad8befdda38f415"},"detail"],"message":"...kframework/builtin/domains.md :  (1119, 8)"}
{"context":["booster","simplify",{"term":"931632b"},{"term":"be686bf"},{"function":"17ebc68421572b8ebe609c068fb49cbb6cbbe3246e2142257ad8befdda38f415"},"match","failure","break"],"message":{"remainder":[[{"tag":"DV","sort":{"tag":"SortApp","name":"SortBool","args":[]},"value":"false"},{"tag":"App","name":"Lbl'Unds-LT-'Int'Unds'","sorts":[],"args":[{"tag":"DV","sort":{"tag":"SortApp","name":"SortInt","args":[]},"value":"0"},{"tag":"EVar","name":"VarN","sort":{"tag":"SortApp","name":"SortInt","args":[]}}]}]]}}
{"context":["booster","simplify",{"term":"931632b"},{"term":"be686bf"},{"simplification":"2499eab08be5a893dde1183881ad2aee18a0aab6fc53deb2c78f94c6466e3e15"},"detail"],"message":"...include/imp-semantics/imp-verification.k :  (24, 10)"}
{"context":["booster","simplify",{"term":"931632b"},{"term":"be686bf"},{"simplification":"2499eab08be5a893dde1183881ad2aee18a0aab6fc53deb2c78f94c6466e3e15"},"match","failure","continue"],"message":{"remainder":[[{"tag":"App","name":"Lbl'Unds-LT-Eqls'Int'Unds'","sorts":[],"args":[{"tag":"EVar","name":"Eq#VarA","sort":{"tag":"SortApp","name":"SortInt","args":[]}},{"tag":"EVar","name":"Eq#VarB","sort":{"tag":"SortApp","name":"SortInt","args":[]}}]},{"tag":"App","name":"Lbl'Unds-LT-'Int'Unds'","sorts":[],"args":[{"tag":"DV","sort":{"tag":"SortApp","name":"SortInt","args":[]},"value":"0"},{"tag":"EVar","name":"VarN","sort":{"tag":"SortApp","name":"SortInt","args":[]}}]}]]}}
{"context":["booster","simplify",{"term":"931632b"},{"term":"be686bf"},{"simplification":"cb079e42f8993a0cf744fd4996fa1635f79ecc3e07cf441d3d0b743da4b9b43f"},"detail"],"message":"...include/imp-semantics/imp-verification.k :  (23, 10)"}
{"context":["booster","simplify",{"term":"931632b"},{"term":"be686bf"},{"simplification":"cb079e42f8993a0cf744fd4996fa1635f79ecc3e07cf441d3d0b743da4b9b43f"},"success",{"term":"f6384ee"},"kore-term"],"message":{"format":"KORE","version":1,"term":{"tag":"App","name":"Lbl'Unds-LT-Eqls'Int'Unds'","sorts":[],"args":[{"tag":"EVar","name":"VarN","sort":{"tag":"SortApp","name":"SortInt","args":[]}},{"tag":"DV","sort":{"tag":"SortApp","name":"SortInt","args":[]},"value":"0"}]}}}
{"context":["proxy"],"message":"Server shutting down"}
