{"context":["proxy"],"message":"Loading definition from resources/log-simplify-json.kore, main module \"IMP-VERIFICATION\""}
{"context":["proxy"],"message":"Starting RPC server"}
{"context":["proxy"],"message":"Processing request 4"}
{"context":[{"request":"4"},"booster","execute","simplify",{"term":"2951870"},{"hook":"INT.le"},"failure"],"message":"Hook returned no result"}
{"context":[{"request":"4"},"booster","execute",{"term":"1eb9f63"},{"rewrite":"2821768ca76231d9d23da884f160f8a8a67b03f3575f41bd4fc76649c39a94fb"},"constraint",{"term":"2b09b00"},{"function":"f4c2469bcff9527515b6d36f16040307917bda61067d10b85fb531e142483bee"},"detail"],"message":"UNKNOWN"}
{"context":[{"request":"4"},"booster","execute",{"term":"1eb9f63"},{"rewrite":"2821768ca76231d9d23da884f160f8a8a67b03f3575f41bd4fc76649c39a94fb"},"constraint",{"term":"2b09b00"},{"function":"f4c2469bcff9527515b6d36f16040307917bda61067d10b85fb531e142483bee"},"match","failure","continue"],"message":"Sorts differ: Eq#VarKResult:SortKResult{} =/= !__EXPRESSIONS-SYNTAX_Expr_Expr(_<=__EXPRESSIONS-SYNTAX_Expr_Expr_Expr(\"$n\", \"0\"))"}
{"context":[{"request":"4"},"booster","execute",{"term":"1eb9f63"},{"rewrite":"2821768ca76231d9d23da884f160f8a8a67b03f3575f41bd4fc76649c39a94fb"},"constraint",{"term":"2b09b00"},{"function":"afefecb36598372bc1ba6e5d0b24a00b91796244dc3bd7435e40ca6e9ab33d4b"},"detail"],"message":"UNKNOWN"}
{"context":[{"request":"4"},"booster","execute",{"term":"1eb9f63"},{"rewrite":"2821768ca76231d9d23da884f160f8a8a67b03f3575f41bd4fc76649c39a94fb"},"constraint",{"term":"2b09b00"},{"function":"afefecb36598372bc1ba6e5d0b24a00b91796244dc3bd7435e40ca6e9ab33d4b"},"success",{"term":"887ba4a"},"kore-term"],"message":{"format":"KORE","version":1,"term":{"tag":"DV","sort":{"tag":"SortApp","name":"SortBool","args":[]},"value":"false"}}}
{"context":[{"request":"4"},"booster","execute",{"term":"1eb9f63"},{"rewrite":"2821768ca76231d9d23da884f160f8a8a67b03f3575f41bd4fc76649c39a94fb"},"constraint",{"term":"2b09b00"},{"hook":"BOOL.not"},"success",{"term":"d1829e6"},"kore-term"],"message":{"format":"KORE","version":1,"term":{"tag":"DV","sort":{"tag":"SortApp","name":"SortBool","args":[]},"value":"true"}}}
{"context":[{"request":"4"},"booster","execute",{"term":"1eb9f63"},{"rewrite":"2821768ca76231d9d23da884f160f8a8a67b03f3575f41bd4fc76649c39a94fb"},"constraint",{"term":"2b09b00"},{"hook":"BOOL.and"},"success",{"term":"d1829e6"},"kore-term"],"message":{"format":"KORE","version":1,"term":{"tag":"DV","sort":{"tag":"SortApp","name":"SortBool","args":[]},"value":"true"}}}
{"context":[{"request":"4"},"booster","execute",{"term":"dd60a47"},{"rewrite":"95ae0624ed05bd9fda100afe3522e14997852a9753240caa90be72f16a32414f"},"constraint",{"term":"825ded7"},{"function":"f4c2469bcff9527515b6d36f16040307917bda61067d10b85fb531e142483bee"},"detail"],"message":"UNKNOWN"}
{"context":[{"request":"4"},"booster","execute",{"term":"dd60a47"},{"rewrite":"95ae0624ed05bd9fda100afe3522e14997852a9753240caa90be72f16a32414f"},"constraint",{"term":"825ded7"},{"function":"f4c2469bcff9527515b6d36f16040307917bda61067d10b85fb531e142483bee"},"match","failure","continue"],"message":"Sorts differ: Eq#VarKResult:SortKResult{} =/= _<=__EXPRESSIONS-SYNTAX_Expr_Expr_Expr(\"$n\", \"0\")"}
{"context":[{"request":"4"},"booster","execute",{"term":"dd60a47"},{"rewrite":"95ae0624ed05bd9fda100afe3522e14997852a9753240caa90be72f16a32414f"},"constraint",{"term":"825ded7"},{"function":"afefecb36598372bc1ba6e5d0b24a00b91796244dc3bd7435e40ca6e9ab33d4b"},"detail"],"message":"UNKNOWN"}
{"context":[{"request":"4"},"booster","execute",{"term":"dd60a47"},{"rewrite":"95ae0624ed05bd9fda100afe3522e14997852a9753240caa90be72f16a32414f"},"constraint",{"term":"825ded7"},{"function":"afefecb36598372bc1ba6e5d0b24a00b91796244dc3bd7435e40ca6e9ab33d4b"},"success",{"term":"887ba4a"},"kore-term"],"message":{"format":"KORE","version":1,"term":{"tag":"DV","sort":{"tag":"SortApp","name":"SortBool","args":[]},"value":"false"}}}
{"context":[{"request":"4"},"booster","execute",{"term":"dd60a47"},{"rewrite":"95ae0624ed05bd9fda100afe3522e14997852a9753240caa90be72f16a32414f"},"constraint",{"term":"825ded7"},{"hook":"BOOL.not"},"success",{"term":"d1829e6"},"kore-term"],"message":{"format":"KORE","version":1,"term":{"tag":"DV","sort":{"tag":"SortApp","name":"SortBool","args":[]},"value":"true"}}}
{"context":[{"request":"4"},"booster","execute",{"term":"dd60a47"},{"rewrite":"95ae0624ed05bd9fda100afe3522e14997852a9753240caa90be72f16a32414f"},"constraint",{"term":"825ded7"},{"hook":"BOOL.and"},"success",{"term":"d1829e6"},"kore-term"],"message":{"format":"KORE","version":1,"term":{"tag":"DV","sort":{"tag":"SortApp","name":"SortBool","args":[]},"value":"true"}}}
{"context":[{"request":"4"},"booster","execute",{"term":"dd60a47"},{"rewrite":"029649977a189d0740b894b184f10ed8b77b043ff935d356dca9fa87ffbffc58"},"constraint",{"term":"302aea1"},{"hook":"BOOL.and"},"success",{"term":"887ba4a"},"kore-term"],"message":{"format":"KORE","version":1,"term":{"tag":"DV","sort":{"tag":"SortApp","name":"SortBool","args":[]},"value":"false"}}}
{"context":[{"request":"4"},"booster","execute",{"term":"95d2830"},{"rewrite":"6b84f401532c1b66bd9dab31a7b06181c1b2a4cee891e9c3936f39ecea75c8fc"},"constraint",{"term":"43080c4"},{"function":"f4c2469bcff9527515b6d36f16040307917bda61067d10b85fb531e142483bee"},"detail"],"message":"UNKNOWN"}
{"context":[{"request":"4"},"booster","execute",{"term":"95d2830"},{"rewrite":"6b84f401532c1b66bd9dab31a7b06181c1b2a4cee891e9c3936f39ecea75c8fc"},"constraint",{"term":"43080c4"},{"function":"f4c2469bcff9527515b6d36f16040307917bda61067d10b85fb531e142483bee"},"match","failure","continue"],"message":"Sorts differ: Eq#VarKResult:SortKResult{} =/= \"$n\""}
{"context":[{"request":"4"},"booster","execute",{"term":"95d2830"},{"rewrite":"6b84f401532c1b66bd9dab31a7b06181c1b2a4cee891e9c3936f39ecea75c8fc"},"constraint",{"term":"43080c4"},{"function":"afefecb36598372bc1ba6e5d0b24a00b91796244dc3bd7435e40ca6e9ab33d4b"},"detail"],"message":"UNKNOWN"}
{"context":[{"request":"4"},"booster","execute",{"term":"95d2830"},{"rewrite":"6b84f401532c1b66bd9dab31a7b06181c1b2a4cee891e9c3936f39ecea75c8fc"},"constraint",{"term":"43080c4"},{"function":"afefecb36598372bc1ba6e5d0b24a00b91796244dc3bd7435e40ca6e9ab33d4b"},"success",{"term":"887ba4a"},"kore-term"],"message":{"format":"KORE","version":1,"term":{"tag":"DV","sort":{"tag":"SortApp","name":"SortBool","args":[]},"value":"false"}}}
{"context":[{"request":"4"},"booster","execute",{"term":"95d2830"},{"rewrite":"6b84f401532c1b66bd9dab31a7b06181c1b2a4cee891e9c3936f39ecea75c8fc"},"constraint",{"term":"43080c4"},{"hook":"BOOL.not"},"success",{"term":"d1829e6"},"kore-term"],"message":{"format":"KORE","version":1,"term":{"tag":"DV","sort":{"tag":"SortApp","name":"SortBool","args":[]},"value":"true"}}}
{"context":[{"request":"4"},"booster","execute",{"term":"95d2830"},{"rewrite":"6b84f401532c1b66bd9dab31a7b06181c1b2a4cee891e9c3936f39ecea75c8fc"},"constraint",{"term":"43080c4"},{"hook":"BOOL.and"},"success",{"term":"d1829e6"},"kore-term"],"message":{"format":"KORE","version":1,"term":{"tag":"DV","sort":{"tag":"SortApp","name":"SortBool","args":[]},"value":"true"}}}
{"context":[{"request":"4"},"booster","execute",{"term":"95d2830"},{"rewrite":"b3a22c24b0d945e521d86b44dadfa10beda45b356f9941753e93183cabef0351"},"constraint",{"term":"bb3179b"},{"hook":"BOOL.and"},"success",{"term":"887ba4a"},"kore-term"],"message":{"format":"KORE","version":1,"term":{"tag":"DV","sort":{"tag":"SortApp","name":"SortBool","args":[]},"value":"false"}}}
{"context":[{"request":"4"},"booster","execute",{"term":"95d2830"},{"rewrite":"b3a22c24b0d945e521d86b44dadfa10beda45b356f9941753e93183cabef0351"},"constraint",{"term":"bb3179b"},{"function":"f4c2469bcff9527515b6d36f16040307917bda61067d10b85fb531e142483bee"},"detail"],"message":"UNKNOWN"}
{"context":[{"request":"4"},"booster","execute",{"term":"95d2830"},{"rewrite":"b3a22c24b0d945e521d86b44dadfa10beda45b356f9941753e93183cabef0351"},"constraint",{"term":"bb3179b"},{"function":"f4c2469bcff9527515b6d36f16040307917bda61067d10b85fb531e142483bee"},"success",{"term":"d1829e6"},"kore-term"],"message":{"format":"KORE","version":1,"term":{"tag":"DV","sort":{"tag":"SortApp","name":"SortBool","args":[]},"value":"true"}}}
{"context":[{"request":"4"},"booster","execute",{"term":"95d2830"},{"rewrite":"b3a22c24b0d945e521d86b44dadfa10beda45b356f9941753e93183cabef0351"},"constraint",{"term":"bb3179b"},{"hook":"BOOL.not"},"success",{"term":"887ba4a"},"kore-term"],"message":{"format":"KORE","version":1,"term":{"tag":"DV","sort":{"tag":"SortApp","name":"SortBool","args":[]},"value":"false"}}}
{"context":[{"request":"4"},"booster","execute",{"term":"95d2830"},{"rewrite":"b3a22c24b0d945e521d86b44dadfa10beda45b356f9941753e93183cabef0351"},"constraint",{"term":"bb3179b"},{"hook":"BOOL.and"},"success",{"term":"887ba4a"},"kore-term"],"message":{"format":"KORE","version":1,"term":{"tag":"DV","sort":{"tag":"SortApp","name":"SortBool","args":[]},"value":"false"}}}
{"context":[{"request":"4"},"booster","execute",{"term":"95d2830"},{"rewrite":"28f395c2f029144cab225e78d4bc6d7d6c54b12b2b14d0f806934911bc8ed0d1"},"constraint",{"term":"2ebcd94"},{"hook":"BOOL.and"},"success",{"term":"887ba4a"},"kore-term"],"message":{"format":"KORE","version":1,"term":{"tag":"DV","sort":{"tag":"SortApp","name":"SortBool","args":[]},"value":"false"}}}
{"context":[{"request":"4"},"booster","execute",{"term":"d23a2d8"},{"rewrite":"45286489d58bcd9b23df3023d9efddcdde80fdfe2603d7a5b07669acd2a1d540"},"constraint",{"term":"2fde1aa"},{"hook":"BOOL.and"},"success",{"term":"887ba4a"},"kore-term"],"message":{"format":"KORE","version":1,"term":{"tag":"DV","sort":{"tag":"SortApp","name":"SortBool","args":[]},"value":"false"}}}
{"context":[{"request":"4"},"booster","execute",{"term":"1385d14"},{"rewrite":"45286489d58bcd9b23df3023d9efddcdde80fdfe2603d7a5b07669acd2a1d540"},"constraint",{"term":"972a05d"},{"function":"f4c2469bcff9527515b6d36f16040307917bda61067d10b85fb531e142483bee"},"detail"],"message":"UNKNOWN"}
{"context":[{"request":"4"},"booster","execute",{"term":"1385d14"},{"rewrite":"45286489d58bcd9b23df3023d9efddcdde80fdfe2603d7a5b07669acd2a1d540"},"constraint",{"term":"972a05d"},{"function":"f4c2469bcff9527515b6d36f16040307917bda61067d10b85fb531e142483bee"},"success",{"term":"d1829e6"},"kore-term"],"message":{"format":"KORE","version":1,"term":{"tag":"DV","sort":{"tag":"SortApp","name":"SortBool","args":[]},"value":"true"}}}
{"context":[{"request":"4"},"booster","execute",{"term":"200b7fc"},{"rewrite":"6b84f401532c1b66bd9dab31a7b06181c1b2a4cee891e9c3936f39ecea75c8fc"},"constraint",{"term":"1e7b1ce"},{"hook":"BOOL.not"},"success",{"term":"887ba4a"},"kore-term"],"message":{"format":"KORE","version":1,"term":{"tag":"DV","sort":{"tag":"SortApp","name":"SortBool","args":[]},"value":"false"}}}
{"context":[{"request":"4"},"booster","execute",{"term":"200b7fc"},{"rewrite":"28f395c2f029144cab225e78d4bc6d7d6c54b12b2b14d0f806934911bc8ed0d1"},"constraint",{"term":"88daa6f"},{"function":"f4c2469bcff9527515b6d36f16040307917bda61067d10b85fb531e142483bee"},"detail"],"message":"UNKNOWN"}
{"context":[{"request":"4"},"booster","execute",{"term":"200b7fc"},{"rewrite":"28f395c2f029144cab225e78d4bc6d7d6c54b12b2b14d0f806934911bc8ed0d1"},"constraint",{"term":"88daa6f"},{"function":"f4c2469bcff9527515b6d36f16040307917bda61067d10b85fb531e142483bee"},"match","failure","continue"],"message":"Sorts differ: Eq#VarKResult:SortKResult{} =/= _<=__EXPRESSIONS-SYNTAX_Expr_Expr_Expr(VarN:SortInt{}, \"0\")"}
{"context":[{"request":"4"},"booster","execute",{"term":"200b7fc"},{"rewrite":"28f395c2f029144cab225e78d4bc6d7d6c54b12b2b14d0f806934911bc8ed0d1"},"constraint",{"term":"88daa6f"},{"function":"afefecb36598372bc1ba6e5d0b24a00b91796244dc3bd7435e40ca6e9ab33d4b"},"detail"],"message":"UNKNOWN"}
{"context":[{"request":"4"},"booster","execute",{"term":"200b7fc"},{"rewrite":"28f395c2f029144cab225e78d4bc6d7d6c54b12b2b14d0f806934911bc8ed0d1"},"constraint",{"term":"88daa6f"},{"function":"afefecb36598372bc1ba6e5d0b24a00b91796244dc3bd7435e40ca6e9ab33d4b"},"success",{"term":"887ba4a"},"kore-term"],"message":{"format":"KORE","version":1,"term":{"tag":"DV","sort":{"tag":"SortApp","name":"SortBool","args":[]},"value":"false"}}}
{"context":[{"request":"4"},"booster","execute",{"term":"975303c"},{"rewrite":"28f395c2f029144cab225e78d4bc6d7d6c54b12b2b14d0f806934911bc8ed0d1"},"constraint",{"term":"a10c6ee"},{"hook":"INT.le"},"failure"],"message":"Hook returned no result"}
{"context":[{"request":"4"},"booster","execute",{"term":"975303c"},{"rewrite":"28f395c2f029144cab225e78d4bc6d7d6c54b12b2b14d0f806934911bc8ed0d1"},"constraint",{"term":"a10c6ee"},{"function":"f4c2469bcff9527515b6d36f16040307917bda61067d10b85fb531e142483bee"},"detail"],"message":"UNKNOWN"}
{"context":[{"request":"4"},"booster","execute",{"term":"975303c"},{"rewrite":"28f395c2f029144cab225e78d4bc6d7d6c54b12b2b14d0f806934911bc8ed0d1"},"constraint",{"term":"a10c6ee"},{"function":"f4c2469bcff9527515b6d36f16040307917bda61067d10b85fb531e142483bee"},"success",{"term":"d1829e6"},"kore-term"],"message":{"format":"KORE","version":1,"term":{"tag":"DV","sort":{"tag":"SortApp","name":"SortBool","args":[]},"value":"true"}}}
{"context":[{"request":"4"},"booster","execute",{"term":"554e117"},{"rewrite":"95ae0624ed05bd9fda100afe3522e14997852a9753240caa90be72f16a32414f"},"constraint",{"term":"7f7704d"},{"hook":"BOOL.not"},"success",{"term":"887ba4a"},"kore-term"],"message":{"format":"KORE","version":1,"term":{"tag":"DV","sort":{"tag":"SortApp","name":"SortBool","args":[]},"value":"false"}}}
{"context":[{"request":"4"},"booster","execute",{"term":"554e117"},{"rewrite":"029649977a189d0740b894b184f10ed8b77b043ff935d356dca9fa87ffbffc58"},"constraint",{"term":"60395d5"},{"function":"f4c2469bcff9527515b6d36f16040307917bda61067d10b85fb531e142483bee"},"detail"],"message":"UNKNOWN"}
{"context":[{"request":"4"},"booster","execute",{"term":"554e117"},{"rewrite":"029649977a189d0740b894b184f10ed8b77b043ff935d356dca9fa87ffbffc58"},"constraint",{"term":"60395d5"},{"function":"f4c2469bcff9527515b6d36f16040307917bda61067d10b85fb531e142483bee"},"match","failure","continue"],"message":"Sorts differ: Eq#VarKResult:SortKResult{} =/= !__EXPRESSIONS-SYNTAX_Expr_Expr(_<=Int_(VarN:SortInt{}, \"0\"))"}
{"context":[{"request":"4"},"booster","execute",{"term":"554e117"},{"rewrite":"029649977a189d0740b894b184f10ed8b77b043ff935d356dca9fa87ffbffc58"},"constraint",{"term":"60395d5"},{"function":"afefecb36598372bc1ba6e5d0b24a00b91796244dc3bd7435e40ca6e9ab33d4b"},"detail"],"message":"UNKNOWN"}
{"context":[{"request":"4"},"booster","execute",{"term":"554e117"},{"rewrite":"029649977a189d0740b894b184f10ed8b77b043ff935d356dca9fa87ffbffc58"},"constraint",{"term":"60395d5"},{"function":"afefecb36598372bc1ba6e5d0b24a00b91796244dc3bd7435e40ca6e9ab33d4b"},"success",{"term":"887ba4a"},"kore-term"],"message":{"format":"KORE","version":1,"term":{"tag":"DV","sort":{"tag":"SortApp","name":"SortBool","args":[]},"value":"false"}}}
{"context":[{"request":"4"},"booster","execute",{"term":"2c96acf"},{"rewrite":"029649977a189d0740b894b184f10ed8b77b043ff935d356dca9fa87ffbffc58"},"constraint",{"term":"cbcc8ce"},{"hook":"BOOL.not"},"failure"],"message":"Hook returned no result"}
{"context":[{"request":"4"},"booster","execute",{"term":"2c96acf"},{"rewrite":"029649977a189d0740b894b184f10ed8b77b043ff935d356dca9fa87ffbffc58"},"constraint",{"term":"cbcc8ce"},{"function":"17ebc68421572b8ebe609c068fb49cbb6cbbe3246e2142257ad8befdda38f415"},"detail"],"message":"...kframework/builtin/domains.md :  (1119, 8)"}
{"context":[{"request":"4"},"booster","execute",{"term":"2c96acf"},{"rewrite":"029649977a189d0740b894b184f10ed8b77b043ff935d356dca9fa87ffbffc58"},"constraint",{"term":"cbcc8ce"},{"function":"17ebc68421572b8ebe609c068fb49cbb6cbbe3246e2142257ad8befdda38f415"},"match","failure","break"],"message":{"remainder":[[{"tag":"DV","sort":{"tag":"SortApp","name":"SortBool","args":[]},"value":"false"},{"tag":"App","name":"Lbl'Unds-LT-Eqls'Int'Unds'","sorts":[],"args":[{"tag":"EVar","name":"VarN","sort":{"tag":"SortApp","name":"SortInt","args":[]}},{"tag":"DV","sort":{"tag":"SortApp","name":"SortInt","args":[]},"value":"0"}]}]]}}
{"context":[{"request":"4"},"booster","execute",{"term":"2c96acf"},{"rewrite":"029649977a189d0740b894b184f10ed8b77b043ff935d356dca9fa87ffbffc58"},"constraint",{"term":"cbcc8ce"},{"simplification":"2499eab08be5a893dde1183881ad2aee18a0aab6fc53deb2c78f94c6466e3e15"},"detail"],"message":"...include/imp-semantics/imp-verification.k :  (24, 10)"}
{"context":[{"request":"4"},"booster","execute",{"term":"2c96acf"},{"rewrite":"029649977a189d0740b894b184f10ed8b77b043ff935d356dca9fa87ffbffc58"},"constraint",{"term":"cbcc8ce"},{"simplification":"2499eab08be5a893dde1183881ad2aee18a0aab6fc53deb2c78f94c6466e3e15"},"success",{"term":"e34aa38"},"kore-term"],"message":{"format":"KORE","version":1,"term":{"tag":"App","name":"Lbl'Unds-LT-'Int'Unds'","sorts":[],"args":[{"tag":"DV","sort":{"tag":"SortApp","name":"SortInt","args":[]},"value":"0"},{"tag":"EVar","name":"VarN","sort":{"tag":"SortApp","name":"SortInt","args":[]}}]}}}
{"context":[{"request":"4"},"booster","execute",{"term":"2c96acf"},{"rewrite":"029649977a189d0740b894b184f10ed8b77b043ff935d356dca9fa87ffbffc58"},"constraint",{"term":"cbcc8ce"},{"function":"f4c2469bcff9527515b6d36f16040307917bda61067d10b85fb531e142483bee"},"detail"],"message":"UNKNOWN"}
{"context":[{"request":"4"},"booster","execute",{"term":"2c96acf"},{"rewrite":"029649977a189d0740b894b184f10ed8b77b043ff935d356dca9fa87ffbffc58"},"constraint",{"term":"cbcc8ce"},{"function":"f4c2469bcff9527515b6d36f16040307917bda61067d10b85fb531e142483bee"},"success",{"term":"d1829e6"},"kore-term"],"message":{"format":"KORE","version":1,"term":{"tag":"DV","sort":{"tag":"SortApp","name":"SortBool","args":[]},"value":"true"}}}
{"context":[{"request":"4"},"booster","execute",{"term":"e45d9da"},{"rewrite":"2821768ca76231d9d23da884f160f8a8a67b03f3575f41bd4fc76649c39a94fb"},"constraint",{"term":"26d3d9b"},{"hook":"BOOL.not"},"success",{"term":"887ba4a"},"kore-term"],"message":{"format":"KORE","version":1,"term":{"tag":"DV","sort":{"tag":"SortApp","name":"SortBool","args":[]},"value":"false"}}}
{"context":[{"request":"4"},"booster","execute",{"term":"e45d9da"},"simplify",{"term":"e32390d"},{"hook":"INT.lt"},"failure"],"message":"Hook returned no result"}
{"context":[{"request":"4"},"booster","execute",{"term":"9eb5322"},{"rewrite":"2821768ca76231d9d23da884f160f8a8a67b03f3575f41bd4fc76649c39a94fb"},"constraint",{"term":"bc4f98d"},{"function":"f4c2469bcff9527515b6d36f16040307917bda61067d10b85fb531e142483bee"},"detail"],"message":"UNKNOWN"}
{"context":[{"request":"4"},"booster","execute",{"term":"9eb5322"},{"rewrite":"2821768ca76231d9d23da884f160f8a8a67b03f3575f41bd4fc76649c39a94fb"},"constraint",{"term":"bc4f98d"},{"function":"f4c2469bcff9527515b6d36f16040307917bda61067d10b85fb531e142483bee"},"success",{"term":"d1829e6"},"kore-term"],"message":{"format":"KORE","version":1,"term":{"tag":"DV","sort":{"tag":"SortApp","name":"SortBool","args":[]},"value":"true"}}}
{"context":[{"request":"4"},"booster","execute",{"term":"9eb5322"},{"rewrite":"2821768ca76231d9d23da884f160f8a8a67b03f3575f41bd4fc76649c39a94fb"},"constraint",{"term":"bc4f98d"},{"hook":"BOOL.not"},"success",{"term":"887ba4a"},"kore-term"],"message":{"format":"KORE","version":1,"term":{"tag":"DV","sort":{"tag":"SortApp","name":"SortBool","args":[]},"value":"false"}}}
{"context":[{"request":"4"},"booster","simplify",{"term":"9eb5322"},{"term":"59e2117"},{"hook":"INT.lt"},"failure"],"message":"Hook returned no result"}
{"context":[{"request":"4"},"booster","simplify",{"term":"9eb5322"},{"term":"2951870"},{"hook":"INT.le"},"failure"],"message":"Hook returned no result"}
{"context":[{"request":"4"},"kore","execute",{"term":"66c50aa"},{"rewrite":"2821768ca76231d9d23da884f160f8a8a67b03f3575f41bd4fc76649c39a94fb"},"constraint",{"term":"3cc0dd5"},{"function":"f4c2469bcff9527515b6d36f16040307917bda61067d10b85fb531e142483bee"},"detail"],"message":"...resources/log-simplify-json.kore:3913:7"}
{"context":[{"request":"4"},"kore","execute",{"term":"66c50aa"},{"rewrite":"2821768ca76231d9d23da884f160f8a8a67b03f3575f41bd4fc76649c39a94fb"},"constraint",{"term":"3cc0dd5"},{"function":"f4c2469bcff9527515b6d36f16040307917bda61067d10b85fb531e142483bee"},"success",{"term":"234405b"},"kore-term"],"message":{"format":"KORE","version":1,"term":{"tag":"DV","sort":{"tag":"SortApp","name":"SortBool","args":[]},"value":"true"}}}
{"context":[{"request":"4"},"kore","execute",{"term":"66c50aa"},{"rewrite":"2821768ca76231d9d23da884f160f8a8a67b03f3575f41bd4fc76649c39a94fb"},"constraint",{"term":"3cc0dd5"},{"function":"f4c2469bcff9527515b6d36f16040307917bda61067d10b85fb531e142483bee"},"success",{"term":"97165b1"},"kore-term"],"message":{"location":"...resources/log-simplify-json.kore:3913:7","post_hash":"234405b","pre_hash":"3cc0dd5","result":{"format":"KORE","version":1,"term":{"tag":"DV","sort":{"tag":"SortApp","name":"SortBool","args":[]},"value":"true"}},"rule_id":"f4c2469bcff9527515b6d36f16040307917bda61067d10b85fb531e142483bee"}}
{"context":[{"request":"4"},"booster","simplify",{"term":"9eb5322"},{"term":"59e2117"},{"hook":"INT.lt"},"failure"],"message":"Hook returned no result"}
{"context":[{"request":"4"},"booster","simplify",{"term":"9eb5322"},{"term":"2951870"},{"hook":"INT.le"},"failure"],"message":"Hook returned no result"}
{"context":[{"request":"4"},"booster","simplify",{"term":"63211e0"},{"term":"e34aa38"},{"hook":"INT.lt"},"failure"],"message":"Hook returned no result"}
{"context":[{"request":"4"},"booster","simplify",{"term":"63211e0"},{"term":"2951870"},{"hook":"INT.le"},"failure"],"message":"Hook returned no result"}
{"context":[{"request":"4"},"booster","simplify",{"term":"85a3bdc"},{"term":"ab06273"},{"hook":"INT.lt"},"failure"],"message":"Hook returned no result"}
{"context":[{"request":"4"},"booster","simplify",{"term":"85a3bdc"},{"term":"ab06273"},{"hook":"BOOL.not"},"failure"],"message":"Hook returned no result"}
{"context":[{"request":"4"},"booster","simplify",{"term":"85a3bdc"},{"term":"ab06273"},{"function":"17ebc68421572b8ebe609c068fb49cbb6cbbe3246e2142257ad8befdda38f415"},"detail"],"message":"...kframework/builtin/domains.md :  (1119, 8)"}
{"context":[{"request":"4"},"booster","simplify",{"term":"85a3bdc"},{"term":"ab06273"},{"function":"17ebc68421572b8ebe609c068fb49cbb6cbbe3246e2142257ad8befdda38f415"},"match","failure","break"],"message":{"remainder":[[{"tag":"DV","sort":{"tag":"SortApp","name":"SortBool","args":[]},"value":"false"},{"tag":"App","name":"Lbl'Unds-LT-'Int'Unds'","sorts":[],"args":[{"tag":"DV","sort":{"tag":"SortApp","name":"SortInt","args":[]},"value":"0"},{"tag":"EVar","name":"VarN","sort":{"tag":"SortApp","name":"SortInt","args":[]}}]}]]}}
{"context":[{"request":"4"},"booster","simplify",{"term":"85a3bdc"},{"term":"ab06273"},{"simplification":"2499eab08be5a893dde1183881ad2aee18a0aab6fc53deb2c78f94c6466e3e15"},"detail"],"message":"...include/imp-semantics/imp-verification.k :  (24, 10)"}
{"context":[{"request":"4"},"booster","simplify",{"term":"85a3bdc"},{"term":"ab06273"},{"simplification":"2499eab08be5a893dde1183881ad2aee18a0aab6fc53deb2c78f94c6466e3e15"},"match","failure","continue"],"message":{"remainder":[[{"tag":"App","name":"Lbl'Unds-LT-Eqls'Int'Unds'","sorts":[],"args":[{"tag":"EVar","name":"Eq#VarA","sort":{"tag":"SortApp","name":"SortInt","args":[]}},{"tag":"EVar","name":"Eq#VarB","sort":{"tag":"SortApp","name":"SortInt","args":[]}}]},{"tag":"App","name":"Lbl'Unds-LT-'Int'Unds'","sorts":[],"args":[{"tag":"DV","sort":{"tag":"SortApp","name":"SortInt","args":[]},"value":"0"},{"tag":"EVar","name":"VarN","sort":{"tag":"SortApp","name":"SortInt","args":[]}}]}]]}}
{"context":[{"request":"4"},"booster","simplify",{"term":"85a3bdc"},{"term":"ab06273"},{"simplification":"cb079e42f8993a0cf744fd4996fa1635f79ecc3e07cf441d3d0b743da4b9b43f"},"detail"],"message":"...include/imp-semantics/imp-verification.k :  (23, 10)"}
{"context":[{"request":"4"},"booster","simplify",{"term":"85a3bdc"},{"term":"ab06273"},{"simplification":"cb079e42f8993a0cf744fd4996fa1635f79ecc3e07cf441d3d0b743da4b9b43f"},"success",{"term":"3f0e268"},"kore-term"],"message":{"format":"KORE","version":1,"term":{"tag":"App","name":"Lbl'Unds-LT-Eqls'Int'Unds'","sorts":[],"args":[{"tag":"EVar","name":"VarN","sort":{"tag":"SortApp","name":"SortInt","args":[]}},{"tag":"DV","sort":{"tag":"SortApp","name":"SortInt","args":[]},"value":"0"}]}}}
{"context":[{"request":"4"},"booster","simplify",{"term":"85a3bdc"},{"term":"ab06273"},{"hook":"INT.le"},"failure"],"message":"Hook returned no result"}
{"context":[{"request":"4"},"booster","simplify",{"term":"85a3bdc"},{"term":"2951870"},{"hook":"INT.le"},"failure"],"message":"Hook returned no result"}
{"context":["proxy"],"message":"Server shutting down"}
