digraph "test-prof-tsm-eventlog" {
Rules -> Rule
  [ penwidth=1.4,
    label="Starting. 1.04μs (+-0.44), total #212 (0.221ms)",
    fontsize=10 ]
Rule -> Init
  [ penwidth=6.0,
    label="InRule. 6.64μs (+-1.36), total #20720 (0.14s)",
    fontsize=10 ]
Init -> Unify
  [ penwidth=6.0,
    label="Init. 46.42μs (+-23.96), total #20720 (0.96s)",
    fontsize=10 ]
Unify -> Rule
  [ penwidth=6.0,
    label="UnifyFailed. 29.55μs (+-27.76), total #20397 (0.60s)",
    fontsize=10 ]
Unify -> CheckSide
  [ penwidth=0.9,
    label="Unified. 2356.70μs (+-1499.60), total #119 (0.28s)",
    fontsize=10 ]
Unify -> EndRules
  [ penwidth=1.4,
    label="UnifyFailed. 88.03μs (+-205.84), total #204 (17.958ms)",
    fontsize=10 ]
CheckSide -> Rule
  [ penwidth=0.1,
    label="SideFailed. 1500.25μs (+-2058.03), total #32 (48.008ms)",
    fontsize=10 ]
CheckSide -> Success
  [ penwidth=0.6,
    label="SideChecked. 3019.38μs (+-4534.55), total #87 (0.26s)",
    fontsize=10 ]
Success -> Rule
  [ penwidth=0.5,
    label="Success. 1.59μs (+-0.54), total #79 (0.125ms)",
    fontsize=10 ]
Success -> EndRules
  [ penwidth=0.1,
    label="Success. 1.86μs (+-0.47), total #8 (14.9μs)",
    fontsize=10 ]

}
