    #Not ( #Not ( {
        stackAddress ( 0 )
      #Equals
        stackAddress ( 1 )
      } )
    #And
      #Not ( {
        stackAddress ( 1 ) +Int 1
      #Equals
        stackAddress ( 0 )
      } )
    #And
      #Not ( {
        stackAddress ( 1 ) +Int 1
      #Equals
        stackAddress ( 1 )
      } ) )
  #And
    <generatedTop>
      <k>
        getOffset ( obj ( 0 ) ) ~> .
      </k>
      <objects>
        <object>
          <object-id>
            obj ( 0 )
          </object-id>
          <object-address>
            stackAddress ( 0 )
          </object-address>
        </object> <object>
          <object-id>
            obj ( 1 )
          </object-id>
          <object-address>
            stackAddress ( 1 )
          </object-address>
        </object> <object>
          <object-id>
            obj ( 2 )
          </object-id>
          <object-address>
            stackAddress ( 1 ) +Int 1
          </object-address>
        </object>
      </objects>
      <memory>
        stackAddress ( 0 ) |-> 0
        stackAddress ( 1 ) +Int 1 |-> 2
        stackAddress ( 1 ) |-> 1
      </memory>
    </generatedTop>
#Or
    #Not ( {
      stackAddress ( 0 )
    #Equals
      stackAddress ( 1 )
    } )
  #And
    #Not ( {
      stackAddress ( 1 ) +Int 1
    #Equals
      stackAddress ( 0 )
    } )
  #And
    #Not ( {
      stackAddress ( 1 ) +Int 1
    #Equals
      stackAddress ( 1 )
    } )
  #And
    <generatedTop>
      <k>
        0 ~> .
      </k>
      <objects>
        <object>
          <object-id>
            obj ( 0 )
          </object-id>
          <object-address>
            stackAddress ( 0 )
          </object-address>
        </object> <object>
          <object-id>
            obj ( 1 )
          </object-id>
          <object-address>
            stackAddress ( 1 )
          </object-address>
        </object> <object>
          <object-id>
            obj ( 2 )
          </object-id>
          <object-address>
            stackAddress ( 1 ) +Int 1
          </object-address>
        </object>
      </objects>
      <memory>
        stackAddress ( 0 ) |-> 0
        stackAddress ( 1 ) +Int 1 |-> 2
        stackAddress ( 1 ) |-> 1
      </memory>
    </generatedTop>
