  VarResult ==K <generatedTop>
    <k>
      final1
    </k>
    <generatedCounter>
      0
    </generatedCounter>
  </generatedTop>
#Or
  VarResult ==K <generatedTop>
    <k>
      final2
    </k>
    <generatedCounter>
      0
    </generatedCounter>
  </generatedTop>
#Or
  VarResult ==K <generatedTop>
    <k>
      next1
    </k>
    <generatedCounter>
      0
    </generatedCounter>
  </generatedTop>
#Or
  VarResult ==K <generatedTop>
    <k>
      next2
    </k>
    <generatedCounter>
      0
    </generatedCounter>
  </generatedTop>
