{"jsonrpc":"2.0","id":1,"result":{"implication":{"format":"KORE","version":1,"term":{"tag":"Implies","sort":{"tag":"SortApp","name":"SortK","args":[]},"first":{"tag":"EVar","name":"X","sort":{"tag":"SortApp","name":"SortK","args":[]}},"second":{"tag":"Not","sort":{"tag":"SortApp","name":"SortK","args":[]},"arg":{"tag":"EVar","name":"X","sort":{"tag":"SortApp","name":"SortK","args":[]}}}}},"valid":false}}
