    #Not ( {
      ?_0:Int %Int 2
    #Equals
      1
    } )
  #And
    <generatedTop>
      <k>
        ?_0:Int ~> .
      </k>
      <exitcode>
        0
      </exitcode>
    </generatedTop>
#Or
    <generatedTop>
      <k>
        odd ~> .
      </k>
      <exitcode>
        0
      </exitcode>
    </generatedTop>
  #And
    {
      ?_0:Int %Int 2
    #Equals
      1
    }
