    #Not ( {
      1
    #Equals
      ?_Gen0:Int %Int 2
    } )
  #And
    <generatedTop>
      <k>
        ?_Gen0:Int ~> .
      </k>
      <exitcode>
        0
      </exitcode>
    </generatedTop>
#Or
    <generatedTop>
      <k>
        odd ~> .
      </k>
      <exitcode>
        0
      </exitcode>
    </generatedTop>
  #And
    {
      1
    #Equals
      ?_Gen0:Int %Int 2
    }
