Definition {definitionAttributes = Attributes {getAttributes = []}, definitionModules = Module {moduleName = ModuleName {getModuleName = "TEST-SYMBOL-6"}, moduleSentences = [ObjectSentenceSymbolSentence (SentenceSymbol {sentenceSymbolSymbol = Symbol {symbolConstructor = Id {getId = "f"}, symbolParams = [SortVariable {getSortVariable = Id {getId = "S"}}]}, sentenceSymbolSorts = [SortVariableSort (SortVariable {getSortVariable = Id {getId = "S"}}),SortVariableSort (SortVariable {getSortVariable = Id {getId = "S"}})], sentenceSymbolReturnSort = SortVariableSort (SortVariable {getSortVariable = Id {getId = "S"}}), sentenceSymbolAttributes = Attributes {getAttributes = []}})], moduleAttributes = Attributes {getAttributes = []}}}