Definition
    { definitionAttributes = Attributes []
    , definitionModules =
        Module
            { moduleName = ModuleName "TEST-ATTRIBUTE-2"
            , moduleSentences =
                [ SentenceSortSentence SentenceSort
                    { sentenceSortName = Id Object "Nat"
                    , sentenceSortParameters = []
                    , sentenceSortAttributes =
                        Attributes 
                            [ MetaPattern (ApplicationPattern Application
                                { applicationSymbolOrAlias =
                                    SymbolOrAlias
                                        { symbolOrAliasConstructor = Id Meta "#hook"
                                        , symbolOrAliasParams = []
                                        }
                                , applicationPatterns =
                                    [ MetaPattern (StringLiteralPattern (StringLiteral "Nat"))
                                    ]
                                })
                            ]
                    }
                , ObjectSentenceSymbolSentence SentenceSymbol
                    { sentenceSymbolSymbol =
                        Symbol
                            { symbolConstructor = Id Object "plus"
                            , symbolParams = []
                            }
                    , sentenceSymbolSorts =
                        [ SortActualSortSortActual
                                { sortActualName = Id Object "Nat"
                                , sortActualSorts = []
                                }
                        , SortActualSortSortActual
                                { sortActualName = Id Object "Nat"
                                , sortActualSorts = []
                                }
                        ]
                    , sentenceSymbolReturnSort =
                        SortActualSortSortActual
                                { sortActualName = Id Object "Nat"
                                , sortActualSorts = []
                                }
                    , sentenceSymbolAttributes =
                        Attributes 
                            [ MetaPattern (ApplicationPattern Application
                                { applicationSymbolOrAlias =
                                    SymbolOrAlias
                                        { symbolOrAliasConstructor = Id Meta "#hook"
                                        , symbolOrAliasParams = []
                                        }
                                , applicationPatterns =
                                    [ MetaPattern (StringLiteralPattern (StringLiteral "plus"))
                                    ]
                                })
                            , MetaPattern (ApplicationPattern Application
                                { applicationSymbolOrAlias =
                                    SymbolOrAlias
                                        { symbolOrAliasConstructor = Id Meta "#assoc"
                                        , symbolOrAliasParams = []
                                        }
                                , applicationPatterns = []
                                })
                            , MetaPattern (ApplicationPattern Application
                                { applicationSymbolOrAlias =
                                    SymbolOrAlias
                                        { symbolOrAliasConstructor = Id Meta "#comm"
                                        , symbolOrAliasParams = []
                                        }
                                , applicationPatterns = []
                                })
                            ]
                    }
                ]
            , moduleAttributes = Attributes []
            }
    }