Definition {definitionAttributes = Attributes {getAttributes = []}, definitionModules = Module {moduleName = ModuleName {getModuleName = "TEST-ALIAS-7"}, moduleSentences = [SentenceSortSentence (SentenceSort {sentenceSortParameters = [], sentenceSortSort = SortActualSort (SortActual {sortActualName = Id {getId = "Nat"}, sortActualSorts = []}), sentenceSortAttributes = Attributes {getAttributes = []}}),ObjectSentenceAliasSentence (SentenceAlias {sentenceAliasAlias = Alias {aliasConstructor = Id {getId = "f"}, aliasParams = [SortVariableSort (SortVariable {getSortVariable = Id {getId = "S"}})]}, sentenceAliasSorts = [SortActualSort (SortActual {sortActualName = Id {getId = "Nat"}, sortActualSorts = []})], sentenceAliasReturnSort = SortVariableSort (SortVariable {getSortVariable = Id {getId = "S"}}), sentenceAliasAttributes = Attributes {getAttributes = []}})], moduleAttributes = Attributes {getAttributes = []}}}