Definition {definitionAttributes = Attributes {getAttributes = [MetaPattern (StringLiteralPattern (StringLiteral {getStringLiteral = "\v"}))]}, definitionModules = Module {moduleName = ModuleName {getModuleName = "TEST-STRING-3"}, moduleSentences = [], moduleAttributes = Attributes {getAttributes = []}}}