Definition
    { definitionAttributes = Attributes []
    , definitionModules =
        [ Module
            { moduleName = ModuleName "TEST-META-1"
            , moduleSentences =
                [ MetaSentence (SentenceSymbolSentence SentenceSymbol
                    { sentenceSymbolSymbol =
                        Symbol
                            { symbolConstructor = (Id "#\f" AstLocationNone) :: Id Meta
                            , symbolParams = []
                            }
                    , sentenceSymbolSorts = []
                    , sentenceSymbolReturnSort =
                        SortActualSort SortActual
                            { sortActualName = (Id "#Sort" AstLocationNone) :: Id Meta
                            , sortActualSorts = []
                            }
                    , sentenceSymbolAttributes = Attributes []
                    })
                ]
            , moduleAttributes = Attributes []
            }
        ]
    }