Definition
    { definitionAttributes = Attributes []
    , definitionModules =
        [ Module
            { moduleName = ModuleName "TEST-PATTERN-4"
            , moduleSentences =
                [ MetaSentence (SentenceAxiomSentence SentenceAxiom
                    { sentenceAxiomParameters =
                        [ UnifiedObject (SortVariable ((Id "S" AstLocationNone) :: Id Object))
                        ]
                    , sentenceAxiomPattern =
                        Fix (UnifiedPattern (UnifiedObjectPattern (OrPattern Or
                            { orSort =
                                SortVariableSort (SortVariable ((Id "S" AstLocationNone) :: Id Object))
                            , orFirst =
                                Fix (UnifiedPattern (UnifiedObjectPattern (VariablePattern Variable
                                    { variableName = (Id "X" AstLocationNone) :: Id Object
                                    , variableSort =
                                        SortVariableSort (SortVariable ((Id "S" AstLocationNone) :: Id Object))
                                    })))
                            , orSecond =
                                Fix (UnifiedPattern (UnifiedObjectPattern (VariablePattern Variable
                                    { variableName = (Id "X" AstLocationNone) :: Id Object
                                    , variableSort =
                                        SortVariableSort (SortVariable ((Id "S" AstLocationNone) :: Id Object))
                                    })))
                            })))
                    , sentenceAxiomAttributes = Attributes []
                    })
                ]
            , moduleAttributes = Attributes []
            }
        ]
    }