Definition
    { definitionAttributes = Attributes []
    , definitionModules =
        Module
            { moduleName = ModuleName "TEST-SYMBOL-4"
            , moduleSentences =
                [ ObjectSentenceSymbolSentence SentenceSymbol
                    { sentenceSymbolSymbol =
                        Symbol
                            { symbolConstructor = Id Object "f"
                            , symbolParams =
                                [ SortVariable (Id Object "S")
                                ]
                            }
                    , sentenceSymbolSorts = []
                    , sentenceSymbolReturnSort =
                        SortVariableSort (SortVariable (Id Object "S"))
                    , sentenceSymbolAttributes = Attributes []
                    }
                ]
            , moduleAttributes = Attributes []
            }
    }