Definition {definitionAttributes = Attributes {getAttributes = [MetaPattern (StringLiteralPattern (StringLiteral {getStringLiteral = "?77"}))]}, definitionModules = Module {moduleName = ModuleName {getModuleName = "TEST-STRING-4"}, moduleSentences = [], moduleAttributes = Attributes {getAttributes = []}}}