Definition {definitionAttributes = Attributes {getAttributes = []}, definitionModules = Module {moduleName = ModuleName {getModuleName = "TEST-PATTERN-4"}, moduleSentences = [AxiomSentence {axiomSentenceParameters = [ObjectSortVariable (SortVariable {getSortVariable = Id {getId = "S"}})], axiomSentencePattern = ObjectPattern (OrPattern {orPatternSort = SortVariableSort {getSortVariableSort = SortVariable {getSortVariable = Id {getId = "S"}}}, orPatternFirst = ObjectPattern (VariablePattern (Variable {variableName = Id {getId = "X"}, variableSort = SortVariableSort {getSortVariableSort = SortVariable {getSortVariable = Id {getId = "S"}}}})), orPatternSecond = ObjectPattern (VariablePattern (Variable {variableName = Id {getId = "X"}, variableSort = SortVariableSort {getSortVariableSort = SortVariable {getSortVariable = Id {getId = "S"}}}}))}), axiomSentenceAtrributes = Attributes {getAttributes = []}}], moduleAttributes = Attributes {getAttributes = []}}}