Definition
    { definitionAttributes = Attributes []
    , definitionModules =
        [ Module
            { moduleName = ModuleName "TEST-SYMBOL-8"
            , moduleSentences =
                [ ObjectSentence (SentenceSortSentence SentenceSort
                    { sentenceSortName = Id Object "Nat"
                    , sentenceSortParameters = []
                    , sentenceSortAttributes = Attributes []
                    })
                , ObjectSentence (SentenceSymbolSentence SentenceSymbol
                    { sentenceSymbolSymbol =
                        Symbol
                            { symbolConstructor = Id Object "f"
                            , symbolParams =
                                [ SortVariable (Id Object "S")
                                ]
                            }
                    , sentenceSymbolSorts =
                        [ SortActualSort SortActual
                            { sortActualName = Id Object "Nat"
                            , sortActualSorts = []
                            }
                        , SortVariableSort (SortVariable (Id Object "S"))
                        ]
                    , sentenceSymbolReturnSort =
                        SortVariableSort (SortVariable (Id Object "S"))
                    , sentenceSymbolAttributes = Attributes []
                    })
                ]
            , moduleAttributes = Attributes []
            }
        ]
    }