Definition {definitionAttributes = Attributes {getAttributes = [MetaPattern (StringLiteralPattern (StringLiteral {getStringLiteral = "\169"}))]}, definitionModules = Module {moduleName = ModuleName {getModuleName = "TEST-STRING-6"}, moduleSentences = [], moduleAttributes = Attributes {getAttributes = []}}}