Definition
    { definitionAttributes = Attributes []
    , definitionModules =
        Module
            { moduleName = ModuleName "TEST-PATTERN-6"
            , moduleSentences =
                [ SentenceAxiomSentence SentenceAxiom
                    { sentenceAxiomParameters =
                        [ ObjectSortVariable (SortVariable (Id Object "S"))
                        ]
                    , sentenceAxiomPattern =
                        ObjectPattern (ImpliesPattern Implies
                            { impliesSort =
                                SortVariableSort (SortVariable (Id Object "S"))
                            , impliesFirst =
                                ObjectPattern (VariablePattern Variable
                                    { variableName = Id Object "X"
                                    , variableSort =
                                        SortVariableSort (SortVariable (Id Object "S"))
                                    })
                            , impliesSecond =
                                ObjectPattern (VariablePattern Variable
                                    { variableName = Id Object "X"
                                    , variableSort =
                                        SortVariableSort (SortVariable (Id Object "S"))
                                    })
                            })
                    , sentenceAxiomAttributes = Attributes []
                    }
                ]
            , moduleAttributes = Attributes []
            }
    }