Definition {definitionAttributes = Attributes {getAttributes = []}, definitionModules = Module {moduleName = ModuleName {getModuleName = "TEST-SYMBOL-2"}, moduleSentences = [SentenceSortSentence (SentenceSort {sentenceSortName = Id {getId = "S"}, sentenceSortParameters = [], sentenceSortAttributes = Attributes {getAttributes = []}}),ObjectSentenceSymbolSentence (SentenceSymbol {sentenceSymbolSymbol = Symbol {symbolConstructor = Id {getId = "f"}, symbolParams = []}, sentenceSymbolSorts = [SortActualSort (SortActual {sortActualName = Id {getId = "S"}, sortActualSorts = []})], sentenceSymbolReturnSort = SortActualSort (SortActual {sortActualName = Id {getId = "S"}, sortActualSorts = []}), sentenceSymbolAttributes = Attributes {getAttributes = []}})], moduleAttributes = Attributes {getAttributes = []}}}