Definition
    { definitionAttributes =
        Attributes 
            [ MetaPattern (StringLiteralPattern (StringLiteral "\?"))
            ]
    , definitionModules =
        Module
            { moduleName = ModuleName "TEST-STRING-1"
            , moduleSentences = []
            , moduleAttributes = Attributes []
            }
    }