Definition {definitionAttributes = Attributes {getAttributes = []}, definitionModules = Module {moduleName = ModuleName {getModuleName = "TEST-SORT-3"}, moduleSentences = [SentenceSortSentence (SentenceSort {sentenceSortParameters = [ObjectSortVariable (SortVariable {getSortVariable = Id {getId = "S1"}}),ObjectSortVariable (SortVariable {getSortVariable = Id {getId = "S2"}})], sentenceSortSort = SortActualSort (SortActual {sortActualName = Id {getId = "Map"}, sortActualSorts = [SortVariableSort (SortVariable {getSortVariable = Id {getId = "S1"}}),SortVariableSort (SortVariable {getSortVariable = Id {getId = "S2"}})]}), sentenceSortAttributes = Attributes {getAttributes = []}})], moduleAttributes = Attributes {getAttributes = []}}}