Definition
    { definitionAttributes = Attributes []
    , definitionModules =
        [ Module
            { moduleName = ModuleName "TEST-ALIAS-12"
            , moduleSentences =
                [ ObjectSentence (SentenceAliasSentence SentenceAlias
                    { sentenceAliasAlias =
                        Alias
                            { aliasConstructor = (Id "f" AstLocationNone) :: Id Object
                            , aliasParams =
                                [ SortVariable ((Id "s" AstLocationNone) :: Id Object)
                                ]
                            }
                    , sentenceAliasSorts =
                        [ SortVariableSort (SortVariable ((Id "s" AstLocationNone) :: Id Object))
                        ]
                    , sentenceAliasReturnSort =
                        SortVariableSort (SortVariable ((Id "s" AstLocationNone) :: Id Object))
                    , sentenceAliasLeftPattern =
                        Application
                            { applicationSymbolOrAlias =
                                SymbolOrAlias
                                    { symbolOrAliasConstructor = (Id "f" AstLocationNone) :: Id Object
                                    , symbolOrAliasParams =
                                        [ SortVariableSort (SortVariable ((Id "s" AstLocationNone) :: Id Object))
                                        ]
                                    }
                            , applicationChildren =
                                [ Variable
                                    { variableName = (Id "a" AstLocationNone) :: Id Object
                                    , variableSort =
                                        SortVariableSort (SortVariable ((Id "s" AstLocationNone) :: Id Object))
                                    }
                                ]
                            }
                    , sentenceAliasRightPattern =
                        KorePattern
                            { getKorePattern = CofreeT
                                { runCofreeT = Identity
                                    { runIdentity = UnifiedObject Null :< UnifiedObjectPattern (NextPattern Next
                                        { nextSort =
                                            SortVariableSort (SortVariable ((Id "s" AstLocationNone) :: Id Object))
                                        , nextChild =
                                            CofreeT
                                                { runCofreeT = Identity
                                                    { runIdentity = UnifiedObject Null :< UnifiedObjectPattern (VariablePattern Variable
                                                        { variableName = (Id "a" AstLocationNone) :: Id Object
                                                        , variableSort =
                                                            SortVariableSort (SortVariable ((Id "s" AstLocationNone) :: Id Object))
                                                        })
                                                    }
                                                }
                                        })
                                    }
                                }
                            }
                    , sentenceAliasAttributes = Attributes []
                    })
                ]
            , moduleAttributes = Attributes []
            }
        ]
    }