Definition
    { definitionAttributes = Attributes []
    , definitionModules =
        [ Module
            { moduleName = ModuleName "TEST-PATTERN-13"
            , moduleSentences =
                [ SentenceAxiomSentence SentenceAxiom
                    { sentenceAxiomParameters =
                        [ ObjectSortVariable (SortVariable (Id Object "S"))
                        ]
                    , sentenceAxiomPattern =
                        ObjectPattern (FloorPattern Floor
                            { floorOperandSort =
                                SortVariableSort (SortVariable (Id Object "S"))
                            , floorResultSort =
                                SortVariableSort (SortVariable (Id Object "S"))
                            , floorChild =
                                ObjectPattern (VariablePattern Variable
                                    { variableName = Id Object "X"
                                    , variableSort =
                                        SortVariableSort (SortVariable (Id Object "S"))
                                    })
                            })
                    , sentenceAxiomAttributes = Attributes []
                    }
                ]
            , moduleAttributes = Attributes []
            }
        ]
    }