Definition {definitionAttributes = Attributes {getAttributes = []}, definitionModules = Module {moduleName = ModuleName {getModuleName = "TEST-SORT-2"}, moduleSentences = [SortSentence {sortSentenceParameters = [ObjectSortVariable (SortVariable {getSortVariable = Id {getId = "S"}})], sortSentenceSort = ActualSort {actualSortName = Id {getId = "List"}, actualSortSorts = [SortVariableSort {getSortVariableSort = SortVariable {getSortVariable = Id {getId = "S"}}}]}, sortSentenceAttributes = Attributes {getAttributes = []}}], moduleAttributes = Attributes {getAttributes = []}}}