Definition
    { definitionAttributes = Attributes []
    , definitionModules =
        [ Module
            { moduleName = ModuleName "TEST-SORT-6"
            , moduleSentences =
                [ MetaSentence (SentenceSortSentence SentenceSort
                    { sentenceSortName = (Id "#C" AstLocationNone) :: Id Meta
                    , sentenceSortParameters = []
                    , sentenceSortAttributes =
                        Attributes 
                            [ Fix (UnifiedPattern (UnifiedMeta (Rotate31 (StringLiteralPattern (StringLiteral "d")))))
                            ]
                    })
                ]
            , moduleAttributes = Attributes []
            }
        ]
    }