Definition
    { definitionAttributes = Attributes []
    , definitionModules =
        [ Module
            { moduleName = ModuleName "DV-1"
            , moduleSentences =
                [ MetaSentence (SentenceAxiomSentence SentenceAxiom
                    { sentenceAxiomParameters =
                        [ UnifiedObject (SortVariable ((Id "s" AstLocationNone) :: Id Object))
                        ]
                    , sentenceAxiomPattern =
                        Fix (UnifiedPattern (UnifiedObject (Rotate31 (DomainValuePattern DomainValue
                            { domainValueSort =
                                SortVariableSort (SortVariable ((Id "s" AstLocationNone) :: Id Object))
                            , domainValueChild =
                                Fix (StringLiteralPattern (StringLiteral "0"))
                            }))))
                    , sentenceAxiomAttributes = Attributes []
                    })
                ]
            , moduleAttributes = Attributes []
            }
        ]
    }