Definition
    { definitionAttributes = Attributes []
    , definitionModules =
        [ Module
            { moduleName = ModuleName "TEST-ALIAS-6"
            , moduleSentences =
                [ ObjectSentence (SentenceAliasSentence SentenceAlias
                    { sentenceAliasAlias =
                        Alias
                            { aliasConstructor = (Id "f" AstLocationNone) :: Id Object
                            , aliasParams =
                                [ SortVariable ((Id "S" AstLocationNone) :: Id Object)
                                ]
                            }
                    , sentenceAliasSorts =
                        [ SortVariableSort (SortVariable ((Id "S" AstLocationNone) :: Id Object))
                        , SortVariableSort (SortVariable ((Id "S" AstLocationNone) :: Id Object))
                        ]
                    , sentenceAliasReturnSort =
                        SortVariableSort (SortVariable ((Id "S" AstLocationNone) :: Id Object))
                    , sentenceAliasAttributes = Attributes []
                    })
                ]
            , moduleAttributes = Attributes []
            }
        ]
    }