Definition {definitionAttributes = Attributes {getAttributes = []}, definitionModules = Module {moduleName = ModuleName {getModuleName = "TEST-SYMBOL-1"}, moduleSentences = [SortSentence {sortSentenceParameters = [], sortSentenceSort = ActualSort {actualSortName = Id {getId = "S"}, actualSortSorts = []}, sortSentenceAttributes = Attributes {getAttributes = []}},ObjectSymbolOrAliasSentence (SymbolSentence {symbolSentenceSymbol = Symbol {symbolConstructor = Id {getId = "f"}, symbolParams = []}, symbolSentenceSorts = [], symbolSentenceReturnSort = ActualSort {actualSortName = Id {getId = "S"}, actualSortSorts = []}, symbolSentenceAttributes = Attributes {getAttributes = []}})], moduleAttributes = Attributes {getAttributes = []}}}