Definition
    { definitionAttributes = Attributes []
    , definitionModules =
        [ Module
            { moduleName = ModuleName "TEST-SYMBOL-6"
            , moduleSentences =
                [ ObjectSentence (SentenceSymbolSentence SentenceSymbol
                    { sentenceSymbolSymbol =
                        Symbol
                            { symbolConstructor = Id Object "f"
                            , symbolParams =
                                [ SortVariable (Id Object "S")
                                ]
                            }
                    , sentenceSymbolSorts =
                        [ SortVariableSort (SortVariable (Id Object "S"))
                        , SortVariableSort (SortVariable (Id Object "S"))
                        ]
                    , sentenceSymbolReturnSort =
                        SortVariableSort (SortVariable (Id Object "S"))
                    , sentenceSymbolAttributes = Attributes []
                    })
                ]
            , moduleAttributes = Attributes []
            }
        ]
    }