Definition
    { definitionAttributes = Attributes []
    , definitionModules =
        [ Module
            { moduleName = ModuleName "TEST-ALIAS-3"
            , moduleSentences =
                [ SentenceSortSentence SentenceSort
                    { sentenceSortName = Id Object "S"
                    , sentenceSortParameters = []
                    , sentenceSortAttributes = Attributes []
                    }
                , ObjectSentenceAliasSentence SentenceAlias
                    { sentenceAliasAlias =
                        Alias
                            { aliasConstructor = Id Object "f"
                            , aliasParams = []
                            }
                    , sentenceAliasSorts =
                        [ SortActualSortSortActual
                                { sortActualName = Id Object "S"
                                , sortActualSorts = []
                                }
                        , SortActualSortSortActual
                                { sortActualName = Id Object "S"
                                , sortActualSorts = []
                                }
                        ]
                    , sentenceAliasReturnSort =
                        SortActualSortSortActual
                                { sortActualName = Id Object "S"
                                , sortActualSorts = []
                                }
                    , sentenceAliasAttributes = Attributes []
                    }
                ]
            , moduleAttributes = Attributes []
            }
        ]
    }