Definition
    { definitionAttributes = Attributes []
    , definitionModules =
        [ Module
            { moduleName = ModuleName "TEST-ATTRIBUTE-1"
            , moduleSentences =
                [ SentenceSortSentence SentenceSort
                    { sentenceSortName = Id Object "Nat"
                    , sentenceSortParameters = []
                    , sentenceSortAttributes =
                        Attributes 
                            [ MetaPattern (ApplicationPattern Application
                                { applicationSymbolOrAlias =
                                    SymbolOrAlias
                                        { symbolOrAliasConstructor = Id Meta "#hook"
                                        , symbolOrAliasParams = []
                                        }
                                , applicationChildren =
                                    [ MetaPattern (StringLiteralPattern (StringLiteral "Nat"))
                                    ]
                                })
                            ]
                    }
                ]
            , moduleAttributes = Attributes []
            }
        ]
    }