Definition
    { definitionAttributes = Attributes []
    , definitionModules =
        Module
            { moduleName = (ModuleName "TEST-PATTERN-9")
            , moduleSentences =
                [ (SentenceAxiomSentence SentenceAxiom
                    { sentenceAxiomParameters =
                        [ (ObjectSortVariable (SortVariable (Id Object "S")))
                        ]
                    , sentenceAxiomPattern =
                        (ObjectPattern (ForallPattern Forall
                            { forallSort =
                                (SortVariableSort (SortVariable (Id Object "S")))
                            , forallVariable =
                                (ObjectVariable Variable
                                    { variableName = (Id Object "X")
                                    , variableSort =
                                        (SortVariableSort (SortVariable (Id Object "S")))
                                    })
                            , forallPattern =
                                (ObjectPattern (VariablePattern Variable
                                    { variableName = (Id Object "X")
                                    , variableSort =
                                        (SortVariableSort (SortVariable (Id Object "S")))
                                    }))
                            }))
                    , sentenceAxiomAttributes = Attributes []
                    })
                ]
            , moduleAttributes = Attributes []
            }
    }