Definition
    { definitionAttributes = Attributes []
    , definitionModules =
        [ Module
            { moduleName = ModuleName "TEST-SYMBOL-3"
            , moduleSentences =
                [ ObjectSentence (SentenceSortSentence SentenceSort
                    { sentenceSortName = Id Object "S"
                    , sentenceSortParameters = []
                    , sentenceSortAttributes = Attributes []
                    })
                , ObjectSentence (SentenceSymbolSentence SentenceSymbol
                    { sentenceSymbolSymbol =
                        Symbol
                            { symbolConstructor = Id Object "f"
                            , symbolParams = []
                            }
                    , sentenceSymbolSorts =
                        [ SortActualSortSortActual
                                { sortActualName = Id Object "S"
                                , sortActualSorts = []
                                }
                        , SortActualSortSortActual
                                { sortActualName = Id Object "S"
                                , sortActualSorts = []
                                }
                        ]
                    , sentenceSymbolReturnSort =
                        SortActualSortSortActual
                                { sortActualName = Id Object "S"
                                , sortActualSorts = []
                                }
                    , sentenceSymbolAttributes = Attributes []
                    })
                ]
            , moduleAttributes = Attributes []
            }
        ]
    }