Definition
    { definitionAttributes = Attributes []
    , definitionModules =
        Module
            { moduleName = (ModuleName "TEST-PATTERN-10")
            , moduleSentences =
                [ (SentenceAxiomSentence SentenceAxiom
                    { sentenceAxiomParameters =
                        [ (ObjectSortVariable (SortVariable (Id Object "S")))
                        ]
                    , sentenceAxiomPattern =
                        (ObjectPattern (EqualsPattern Equals
                            { equalsOperandSort =
                                (SortVariableSort (SortVariable (Id Object "S")))
                            , equalsResultSort =
                                (SortVariableSort (SortVariable (Id Object "S")))
                            , equalsFirst =
                                (ObjectPattern (VariablePattern Variable
                                    { variableName = (Id Object "X")
                                    , variableSort =
                                        (SortVariableSort (SortVariable (Id Object "S")))
                                    }))
                            , equalsSecond =
                                (ObjectPattern (VariablePattern Variable
                                    { variableName = (Id Object "X")
                                    , variableSort =
                                        (SortVariableSort (SortVariable (Id Object "S")))
                                    }))
                            }))
                    , sentenceAxiomAttributes = Attributes []
                    })
                ]
            , moduleAttributes = Attributes []
            }
    }