Definition {definitionAttributes = Attributes {getAttributes = [MetaPattern (StringLiteralPattern (StringLiteral {getStringLiteral = "?"}))]}, definitionModules = Module {moduleName = ModuleName {getModuleName = "TEST-STRING-1"}, moduleSentences = [], moduleAttributes = Attributes {getAttributes = []}}}