Definition
    { definitionAttributes = Attributes []
    , definitionModules =
        [ Module
            { moduleName = ModuleName "TEST-SORT-3"
            , moduleSentences =
                [ ObjectSentence (SentenceSortSentence SentenceSort
                    { sentenceSortName = Id  "Map" :: Id Object
                    , sentenceSortParameters =
                        [ SortVariable (Id  "S1" :: Id Object)
                        , SortVariable (Id  "S2" :: Id Object)
                        ]
                    , sentenceSortAttributes = Attributes []
                    })
                ]
            , moduleAttributes = Attributes []
            }
        ]
    }