Definition
    { definitionAttributes = Attributes []
    , definitionModules =
        [ Module
            { moduleName = ModuleName "TEST-SORT-2"
            , moduleSentences =
                [ ObjectSentence (SentenceSortSentence SentenceSort
                    { sentenceSortName = (Id "List" AstLocationNone) :: Id Object
                    , sentenceSortParameters =
                        [ SortVariable ((Id "S" AstLocationNone) :: Id Object)
                        ]
                    , sentenceSortAttributes = Attributes []
                    })
                ]
            , moduleAttributes = Attributes []
            }
        ]
    }