Definition
    { definitionAttributes = Attributes []
    , definitionModules =
        [ Module
            { moduleName = ModuleName "TEST-ALIAS-1"
            , moduleSentences =
                [ ObjectSentence (SentenceSortSentence SentenceSort
                    { sentenceSortName = Id Object "S"
                    , sentenceSortParameters = []
                    , sentenceSortAttributes = Attributes []
                    })
                , ObjectSentence (SentenceAliasSentence SentenceAlias
                    { sentenceAliasAlias =
                        Alias
                            { aliasConstructor = Id Object "f"
                            , aliasParams = []
                            }
                    , sentenceAliasSorts = []
                    , sentenceAliasReturnSort =
                        SortActualSort SortActual
                            { sortActualName = Id Object "S"
                            , sortActualSorts = []
                            }
                    , sentenceAliasAttributes = Attributes []
                    })
                ]
            , moduleAttributes = Attributes []
            }
        ]
    }