Definition {definitionAttributes = Attributes {getAttributes = []}, definitionModules = Module {moduleName = ModuleName {getModuleName = "TEST-ATTRIBUTE-1"}, moduleSentences = [SentenceSortSentence (SentenceSort {sentenceSortParameters = [], sentenceSortSort = SortActualSort (SortActual {sortActualName = Id {getId = "Nat"}, sortActualSorts = []}), sentenceSortAttributes = Attributes {getAttributes = [MetaPattern (ApplicationPattern (Application {applicationSymbolOrAlias = SymbolOrAlias {symbolOrAliasConstructor = Id {getId = "#hook"}, symbolOrAliasParams = []}, applicationPatterns = [MetaPattern (StringLiteralPattern (StringLiteral {getStringLiteral = "Nat"}))]}))]}})], moduleAttributes = Attributes {getAttributes = []}}}