Definition
    { definitionAttributes = Attributes []
    , definitionModules =
        [ Module
            { moduleName = ModuleName "TEST-1"
            , moduleSentences = []
            , moduleAttributes = Attributes []
            }
        , Module
            { moduleName = ModuleName "TEST-2"
            , moduleSentences =
                [ MetaSentence (SentenceImportSentence SentenceImport
                    { sentenceImportModuleName =
                        ModuleName "TEST-1"
                    , sentenceAxiomAttributes = Attributes []
                    })
                ]
            , moduleAttributes = Attributes []
            }
        ]
    }